ARM GAS  /tmp/ccxBv7dm.s 			page 1


   1              		.cpu cortex-m7
   2              		.arch armv7e-m
   3              		.fpu fpv5-d16
   4              		.eabi_attribute 28, 1
   5              		.eabi_attribute 20, 1
   6              		.eabi_attribute 21, 1
   7              		.eabi_attribute 23, 3
   8              		.eabi_attribute 24, 1
   9              		.eabi_attribute 25, 1
  10              		.eabi_attribute 26, 1
  11              		.eabi_attribute 30, 1
  12              		.eabi_attribute 34, 1
  13              		.eabi_attribute 18, 4
  14              		.file	"icmp.c"
  15              		.text
  16              	.Ltext0:
  17              		.cfi_sections	.debug_frame
  18              		.file 1 "Middlewares/Third_Party/LwIP/src/core/ipv4/icmp.c"
  19              		.section	.rodata.icmp_send_response.str1.4,"aMS",%progbits,1
  20              		.align	2
  21              	.LC0:
  22 0000 4D696464 		.ascii	"Middlewares/Third_Party/LwIP/src/core/ipv4/icmp.c\000"
  22      6C657761 
  22      7265732F 
  22      54686972 
  22      645F5061 
  23 0032 0000     		.align	2
  24              	.LC1:
  25 0034 63686563 		.ascii	"check that first pbuf can hold icmp message\000"
  25      6B207468 
  25      61742066 
  25      69727374 
  25      20706275 
  26              		.align	2
  27              	.LC2:
  28 0060 41737365 		.ascii	"Assertion \"%s\" failed at line %d in %s\012\000"
  28      7274696F 
  28      6E202225 
  28      73222066 
  28      61696C65 
  29              		.section	.text.icmp_send_response,"ax",%progbits
  30              		.align	1
  31              		.syntax unified
  32              		.thumb
  33              		.thumb_func
  35              	icmp_send_response:
  36              	.LVL0:
  37              	.LFB169:
   1:Middlewares/Third_Party/LwIP/src/core/ipv4/icmp.c **** /**
   2:Middlewares/Third_Party/LwIP/src/core/ipv4/icmp.c ****  * @file
   3:Middlewares/Third_Party/LwIP/src/core/ipv4/icmp.c ****  * ICMP - Internet Control Message Protocol
   4:Middlewares/Third_Party/LwIP/src/core/ipv4/icmp.c ****  *
   5:Middlewares/Third_Party/LwIP/src/core/ipv4/icmp.c ****  */
   6:Middlewares/Third_Party/LwIP/src/core/ipv4/icmp.c **** 
   7:Middlewares/Third_Party/LwIP/src/core/ipv4/icmp.c **** /*
   8:Middlewares/Third_Party/LwIP/src/core/ipv4/icmp.c ****  * Copyright (c) 2001-2004 Swedish Institute of Computer Science.
   9:Middlewares/Third_Party/LwIP/src/core/ipv4/icmp.c ****  * All rights reserved.
ARM GAS  /tmp/ccxBv7dm.s 			page 2


  10:Middlewares/Third_Party/LwIP/src/core/ipv4/icmp.c ****  *
  11:Middlewares/Third_Party/LwIP/src/core/ipv4/icmp.c ****  * Redistribution and use in source and binary forms, with or without modification,
  12:Middlewares/Third_Party/LwIP/src/core/ipv4/icmp.c ****  * are permitted provided that the following conditions are met:
  13:Middlewares/Third_Party/LwIP/src/core/ipv4/icmp.c ****  *
  14:Middlewares/Third_Party/LwIP/src/core/ipv4/icmp.c ****  * 1. Redistributions of source code must retain the above copyright notice,
  15:Middlewares/Third_Party/LwIP/src/core/ipv4/icmp.c ****  *    this list of conditions and the following disclaimer.
  16:Middlewares/Third_Party/LwIP/src/core/ipv4/icmp.c ****  * 2. Redistributions in binary form must reproduce the above copyright notice,
  17:Middlewares/Third_Party/LwIP/src/core/ipv4/icmp.c ****  *    this list of conditions and the following disclaimer in the documentation
  18:Middlewares/Third_Party/LwIP/src/core/ipv4/icmp.c ****  *    and/or other materials provided with the distribution.
  19:Middlewares/Third_Party/LwIP/src/core/ipv4/icmp.c ****  * 3. The name of the author may not be used to endorse or promote products
  20:Middlewares/Third_Party/LwIP/src/core/ipv4/icmp.c ****  *    derived from this software without specific prior written permission.
  21:Middlewares/Third_Party/LwIP/src/core/ipv4/icmp.c ****  *
  22:Middlewares/Third_Party/LwIP/src/core/ipv4/icmp.c ****  * THIS SOFTWARE IS PROVIDED BY THE AUTHOR ``AS IS'' AND ANY EXPRESS OR IMPLIED
  23:Middlewares/Third_Party/LwIP/src/core/ipv4/icmp.c ****  * WARRANTIES, INCLUDING, BUT NOT LIMITED TO, THE IMPLIED WARRANTIES OF
  24:Middlewares/Third_Party/LwIP/src/core/ipv4/icmp.c ****  * MERCHANTABILITY AND FITNESS FOR A PARTICULAR PURPOSE ARE DISCLAIMED. IN NO EVENT
  25:Middlewares/Third_Party/LwIP/src/core/ipv4/icmp.c ****  * SHALL THE AUTHOR BE LIABLE FOR ANY DIRECT, INDIRECT, INCIDENTAL, SPECIAL,
  26:Middlewares/Third_Party/LwIP/src/core/ipv4/icmp.c ****  * EXEMPLARY, OR CONSEQUENTIAL DAMAGES (INCLUDING, BUT NOT LIMITED TO, PROCUREMENT
  27:Middlewares/Third_Party/LwIP/src/core/ipv4/icmp.c ****  * OF SUBSTITUTE GOODS OR SERVICES; LOSS OF USE, DATA, OR PROFITS; OR BUSINESS
  28:Middlewares/Third_Party/LwIP/src/core/ipv4/icmp.c ****  * INTERRUPTION) HOWEVER CAUSED AND ON ANY THEORY OF LIABILITY, WHETHER IN
  29:Middlewares/Third_Party/LwIP/src/core/ipv4/icmp.c ****  * CONTRACT, STRICT LIABILITY, OR TORT (INCLUDING NEGLIGENCE OR OTHERWISE) ARISING
  30:Middlewares/Third_Party/LwIP/src/core/ipv4/icmp.c ****  * IN ANY WAY OUT OF THE USE OF THIS SOFTWARE, EVEN IF ADVISED OF THE POSSIBILITY
  31:Middlewares/Third_Party/LwIP/src/core/ipv4/icmp.c ****  * OF SUCH DAMAGE.
  32:Middlewares/Third_Party/LwIP/src/core/ipv4/icmp.c ****  *
  33:Middlewares/Third_Party/LwIP/src/core/ipv4/icmp.c ****  * This file is part of the lwIP TCP/IP stack.
  34:Middlewares/Third_Party/LwIP/src/core/ipv4/icmp.c ****  *
  35:Middlewares/Third_Party/LwIP/src/core/ipv4/icmp.c ****  * Author: Adam Dunkels <adam@sics.se>
  36:Middlewares/Third_Party/LwIP/src/core/ipv4/icmp.c ****  *
  37:Middlewares/Third_Party/LwIP/src/core/ipv4/icmp.c ****  */
  38:Middlewares/Third_Party/LwIP/src/core/ipv4/icmp.c **** 
  39:Middlewares/Third_Party/LwIP/src/core/ipv4/icmp.c **** /* Some ICMP messages should be passed to the transport protocols. This
  40:Middlewares/Third_Party/LwIP/src/core/ipv4/icmp.c ****    is not implemented. */
  41:Middlewares/Third_Party/LwIP/src/core/ipv4/icmp.c **** 
  42:Middlewares/Third_Party/LwIP/src/core/ipv4/icmp.c **** #include "lwip/opt.h"
  43:Middlewares/Third_Party/LwIP/src/core/ipv4/icmp.c **** 
  44:Middlewares/Third_Party/LwIP/src/core/ipv4/icmp.c **** #if LWIP_IPV4 && LWIP_ICMP /* don't build if not configured for use in lwipopts.h */
  45:Middlewares/Third_Party/LwIP/src/core/ipv4/icmp.c **** 
  46:Middlewares/Third_Party/LwIP/src/core/ipv4/icmp.c **** #include "lwip/icmp.h"
  47:Middlewares/Third_Party/LwIP/src/core/ipv4/icmp.c **** #include "lwip/inet_chksum.h"
  48:Middlewares/Third_Party/LwIP/src/core/ipv4/icmp.c **** #include "lwip/ip.h"
  49:Middlewares/Third_Party/LwIP/src/core/ipv4/icmp.c **** #include "lwip/def.h"
  50:Middlewares/Third_Party/LwIP/src/core/ipv4/icmp.c **** #include "lwip/stats.h"
  51:Middlewares/Third_Party/LwIP/src/core/ipv4/icmp.c **** 
  52:Middlewares/Third_Party/LwIP/src/core/ipv4/icmp.c **** #include <string.h>
  53:Middlewares/Third_Party/LwIP/src/core/ipv4/icmp.c **** 
  54:Middlewares/Third_Party/LwIP/src/core/ipv4/icmp.c **** #ifdef LWIP_HOOK_FILENAME
  55:Middlewares/Third_Party/LwIP/src/core/ipv4/icmp.c **** #include LWIP_HOOK_FILENAME
  56:Middlewares/Third_Party/LwIP/src/core/ipv4/icmp.c **** #endif
  57:Middlewares/Third_Party/LwIP/src/core/ipv4/icmp.c **** 
  58:Middlewares/Third_Party/LwIP/src/core/ipv4/icmp.c **** /** Small optimization: set to 0 if incoming PBUF_POOL pbuf always can be
  59:Middlewares/Third_Party/LwIP/src/core/ipv4/icmp.c ****  * used to modify and send a response packet (and to 1 if this is not the case,
  60:Middlewares/Third_Party/LwIP/src/core/ipv4/icmp.c ****  * e.g. when link header is stripped off when receiving) */
  61:Middlewares/Third_Party/LwIP/src/core/ipv4/icmp.c **** #ifndef LWIP_ICMP_ECHO_CHECK_INPUT_PBUF_LEN
  62:Middlewares/Third_Party/LwIP/src/core/ipv4/icmp.c **** #define LWIP_ICMP_ECHO_CHECK_INPUT_PBUF_LEN 1
  63:Middlewares/Third_Party/LwIP/src/core/ipv4/icmp.c **** #endif /* LWIP_ICMP_ECHO_CHECK_INPUT_PBUF_LEN */
  64:Middlewares/Third_Party/LwIP/src/core/ipv4/icmp.c **** 
  65:Middlewares/Third_Party/LwIP/src/core/ipv4/icmp.c **** /* The amount of data from the original packet to return in a dest-unreachable */
  66:Middlewares/Third_Party/LwIP/src/core/ipv4/icmp.c **** #define ICMP_DEST_UNREACH_DATASIZE 8
ARM GAS  /tmp/ccxBv7dm.s 			page 3


  67:Middlewares/Third_Party/LwIP/src/core/ipv4/icmp.c **** 
  68:Middlewares/Third_Party/LwIP/src/core/ipv4/icmp.c **** static void icmp_send_response(struct pbuf *p, u8_t type, u8_t code);
  69:Middlewares/Third_Party/LwIP/src/core/ipv4/icmp.c **** 
  70:Middlewares/Third_Party/LwIP/src/core/ipv4/icmp.c **** /**
  71:Middlewares/Third_Party/LwIP/src/core/ipv4/icmp.c ****  * Processes ICMP input packets, called from ip_input().
  72:Middlewares/Third_Party/LwIP/src/core/ipv4/icmp.c ****  *
  73:Middlewares/Third_Party/LwIP/src/core/ipv4/icmp.c ****  * Currently only processes icmp echo requests and sends
  74:Middlewares/Third_Party/LwIP/src/core/ipv4/icmp.c ****  * out the echo response.
  75:Middlewares/Third_Party/LwIP/src/core/ipv4/icmp.c ****  *
  76:Middlewares/Third_Party/LwIP/src/core/ipv4/icmp.c ****  * @param p the icmp echo request packet, p->payload pointing to the icmp header
  77:Middlewares/Third_Party/LwIP/src/core/ipv4/icmp.c ****  * @param inp the netif on which this packet was received
  78:Middlewares/Third_Party/LwIP/src/core/ipv4/icmp.c ****  */
  79:Middlewares/Third_Party/LwIP/src/core/ipv4/icmp.c **** void
  80:Middlewares/Third_Party/LwIP/src/core/ipv4/icmp.c **** icmp_input(struct pbuf *p, struct netif *inp)
  81:Middlewares/Third_Party/LwIP/src/core/ipv4/icmp.c **** {
  82:Middlewares/Third_Party/LwIP/src/core/ipv4/icmp.c ****   u8_t type;
  83:Middlewares/Third_Party/LwIP/src/core/ipv4/icmp.c **** #ifdef LWIP_DEBUG
  84:Middlewares/Third_Party/LwIP/src/core/ipv4/icmp.c ****   u8_t code;
  85:Middlewares/Third_Party/LwIP/src/core/ipv4/icmp.c **** #endif /* LWIP_DEBUG */
  86:Middlewares/Third_Party/LwIP/src/core/ipv4/icmp.c ****   struct icmp_echo_hdr *iecho;
  87:Middlewares/Third_Party/LwIP/src/core/ipv4/icmp.c ****   const struct ip_hdr *iphdr_in;
  88:Middlewares/Third_Party/LwIP/src/core/ipv4/icmp.c ****   u16_t hlen;
  89:Middlewares/Third_Party/LwIP/src/core/ipv4/icmp.c ****   const ip4_addr_t *src;
  90:Middlewares/Third_Party/LwIP/src/core/ipv4/icmp.c **** 
  91:Middlewares/Third_Party/LwIP/src/core/ipv4/icmp.c ****   ICMP_STATS_INC(icmp.recv);
  92:Middlewares/Third_Party/LwIP/src/core/ipv4/icmp.c ****   MIB2_STATS_INC(mib2.icmpinmsgs);
  93:Middlewares/Third_Party/LwIP/src/core/ipv4/icmp.c **** 
  94:Middlewares/Third_Party/LwIP/src/core/ipv4/icmp.c ****   iphdr_in = ip4_current_header();
  95:Middlewares/Third_Party/LwIP/src/core/ipv4/icmp.c ****   hlen = IPH_HL_BYTES(iphdr_in);
  96:Middlewares/Third_Party/LwIP/src/core/ipv4/icmp.c ****   if (hlen < IP_HLEN) {
  97:Middlewares/Third_Party/LwIP/src/core/ipv4/icmp.c ****     LWIP_DEBUGF(ICMP_DEBUG, ("icmp_input: short IP header (%"S16_F" bytes) received\n", hlen));
  98:Middlewares/Third_Party/LwIP/src/core/ipv4/icmp.c ****     goto lenerr;
  99:Middlewares/Third_Party/LwIP/src/core/ipv4/icmp.c ****   }
 100:Middlewares/Third_Party/LwIP/src/core/ipv4/icmp.c ****   if (p->len < sizeof(u16_t) * 2) {
 101:Middlewares/Third_Party/LwIP/src/core/ipv4/icmp.c ****     LWIP_DEBUGF(ICMP_DEBUG, ("icmp_input: short ICMP (%"U16_F" bytes) received\n", p->tot_len));
 102:Middlewares/Third_Party/LwIP/src/core/ipv4/icmp.c ****     goto lenerr;
 103:Middlewares/Third_Party/LwIP/src/core/ipv4/icmp.c ****   }
 104:Middlewares/Third_Party/LwIP/src/core/ipv4/icmp.c **** 
 105:Middlewares/Third_Party/LwIP/src/core/ipv4/icmp.c ****   type = *((u8_t *)p->payload);
 106:Middlewares/Third_Party/LwIP/src/core/ipv4/icmp.c **** #ifdef LWIP_DEBUG
 107:Middlewares/Third_Party/LwIP/src/core/ipv4/icmp.c ****   code = *(((u8_t *)p->payload) + 1);
 108:Middlewares/Third_Party/LwIP/src/core/ipv4/icmp.c ****   /* if debug is enabled but debug statement below is somehow disabled: */
 109:Middlewares/Third_Party/LwIP/src/core/ipv4/icmp.c ****   LWIP_UNUSED_ARG(code);
 110:Middlewares/Third_Party/LwIP/src/core/ipv4/icmp.c **** #endif /* LWIP_DEBUG */
 111:Middlewares/Third_Party/LwIP/src/core/ipv4/icmp.c ****   switch (type) {
 112:Middlewares/Third_Party/LwIP/src/core/ipv4/icmp.c ****     case ICMP_ER:
 113:Middlewares/Third_Party/LwIP/src/core/ipv4/icmp.c ****       /* This is OK, echo reply might have been parsed by a raw PCB
 114:Middlewares/Third_Party/LwIP/src/core/ipv4/icmp.c ****          (as obviously, an echo request has been sent, too). */
 115:Middlewares/Third_Party/LwIP/src/core/ipv4/icmp.c ****       MIB2_STATS_INC(mib2.icmpinechoreps);
 116:Middlewares/Third_Party/LwIP/src/core/ipv4/icmp.c ****       break;
 117:Middlewares/Third_Party/LwIP/src/core/ipv4/icmp.c ****     case ICMP_ECHO:
 118:Middlewares/Third_Party/LwIP/src/core/ipv4/icmp.c ****       MIB2_STATS_INC(mib2.icmpinechos);
 119:Middlewares/Third_Party/LwIP/src/core/ipv4/icmp.c ****       src = ip4_current_dest_addr();
 120:Middlewares/Third_Party/LwIP/src/core/ipv4/icmp.c ****       /* multicast destination address? */
 121:Middlewares/Third_Party/LwIP/src/core/ipv4/icmp.c ****       if (ip4_addr_ismulticast(ip4_current_dest_addr())) {
 122:Middlewares/Third_Party/LwIP/src/core/ipv4/icmp.c **** #if LWIP_MULTICAST_PING
 123:Middlewares/Third_Party/LwIP/src/core/ipv4/icmp.c ****         /* For multicast, use address of receiving interface as source address */
ARM GAS  /tmp/ccxBv7dm.s 			page 4


 124:Middlewares/Third_Party/LwIP/src/core/ipv4/icmp.c ****         src = netif_ip4_addr(inp);
 125:Middlewares/Third_Party/LwIP/src/core/ipv4/icmp.c **** #else /* LWIP_MULTICAST_PING */
 126:Middlewares/Third_Party/LwIP/src/core/ipv4/icmp.c ****         LWIP_DEBUGF(ICMP_DEBUG, ("icmp_input: Not echoing to multicast pings\n"));
 127:Middlewares/Third_Party/LwIP/src/core/ipv4/icmp.c ****         goto icmperr;
 128:Middlewares/Third_Party/LwIP/src/core/ipv4/icmp.c **** #endif /* LWIP_MULTICAST_PING */
 129:Middlewares/Third_Party/LwIP/src/core/ipv4/icmp.c ****       }
 130:Middlewares/Third_Party/LwIP/src/core/ipv4/icmp.c ****       /* broadcast destination address? */
 131:Middlewares/Third_Party/LwIP/src/core/ipv4/icmp.c ****       if (ip4_addr_isbroadcast(ip4_current_dest_addr(), ip_current_netif())) {
 132:Middlewares/Third_Party/LwIP/src/core/ipv4/icmp.c **** #if LWIP_BROADCAST_PING
 133:Middlewares/Third_Party/LwIP/src/core/ipv4/icmp.c ****         /* For broadcast, use address of receiving interface as source address */
 134:Middlewares/Third_Party/LwIP/src/core/ipv4/icmp.c ****         src = netif_ip4_addr(inp);
 135:Middlewares/Third_Party/LwIP/src/core/ipv4/icmp.c **** #else /* LWIP_BROADCAST_PING */
 136:Middlewares/Third_Party/LwIP/src/core/ipv4/icmp.c ****         LWIP_DEBUGF(ICMP_DEBUG, ("icmp_input: Not echoing to broadcast pings\n"));
 137:Middlewares/Third_Party/LwIP/src/core/ipv4/icmp.c ****         goto icmperr;
 138:Middlewares/Third_Party/LwIP/src/core/ipv4/icmp.c **** #endif /* LWIP_BROADCAST_PING */
 139:Middlewares/Third_Party/LwIP/src/core/ipv4/icmp.c ****       }
 140:Middlewares/Third_Party/LwIP/src/core/ipv4/icmp.c ****       LWIP_DEBUGF(ICMP_DEBUG, ("icmp_input: ping\n"));
 141:Middlewares/Third_Party/LwIP/src/core/ipv4/icmp.c ****       if (p->tot_len < sizeof(struct icmp_echo_hdr)) {
 142:Middlewares/Third_Party/LwIP/src/core/ipv4/icmp.c ****         LWIP_DEBUGF(ICMP_DEBUG, ("icmp_input: bad ICMP echo received\n"));
 143:Middlewares/Third_Party/LwIP/src/core/ipv4/icmp.c ****         goto lenerr;
 144:Middlewares/Third_Party/LwIP/src/core/ipv4/icmp.c ****       }
 145:Middlewares/Third_Party/LwIP/src/core/ipv4/icmp.c **** #if CHECKSUM_CHECK_ICMP
 146:Middlewares/Third_Party/LwIP/src/core/ipv4/icmp.c ****       IF__NETIF_CHECKSUM_ENABLED(inp, NETIF_CHECKSUM_CHECK_ICMP) {
 147:Middlewares/Third_Party/LwIP/src/core/ipv4/icmp.c ****         if (inet_chksum_pbuf(p) != 0) {
 148:Middlewares/Third_Party/LwIP/src/core/ipv4/icmp.c ****           LWIP_DEBUGF(ICMP_DEBUG, ("icmp_input: checksum failed for received ICMP echo\n"));
 149:Middlewares/Third_Party/LwIP/src/core/ipv4/icmp.c ****           pbuf_free(p);
 150:Middlewares/Third_Party/LwIP/src/core/ipv4/icmp.c ****           ICMP_STATS_INC(icmp.chkerr);
 151:Middlewares/Third_Party/LwIP/src/core/ipv4/icmp.c ****           MIB2_STATS_INC(mib2.icmpinerrors);
 152:Middlewares/Third_Party/LwIP/src/core/ipv4/icmp.c ****           return;
 153:Middlewares/Third_Party/LwIP/src/core/ipv4/icmp.c ****         }
 154:Middlewares/Third_Party/LwIP/src/core/ipv4/icmp.c ****       }
 155:Middlewares/Third_Party/LwIP/src/core/ipv4/icmp.c **** #endif
 156:Middlewares/Third_Party/LwIP/src/core/ipv4/icmp.c **** #if LWIP_ICMP_ECHO_CHECK_INPUT_PBUF_LEN
 157:Middlewares/Third_Party/LwIP/src/core/ipv4/icmp.c ****       if (pbuf_add_header(p, hlen + PBUF_LINK_HLEN + PBUF_LINK_ENCAPSULATION_HLEN)) {
 158:Middlewares/Third_Party/LwIP/src/core/ipv4/icmp.c ****         /* p is not big enough to contain link headers
 159:Middlewares/Third_Party/LwIP/src/core/ipv4/icmp.c ****          * allocate a new one and copy p into it
 160:Middlewares/Third_Party/LwIP/src/core/ipv4/icmp.c ****          */
 161:Middlewares/Third_Party/LwIP/src/core/ipv4/icmp.c ****         struct pbuf *r;
 162:Middlewares/Third_Party/LwIP/src/core/ipv4/icmp.c ****         u16_t alloc_len = (u16_t)(p->tot_len + hlen);
 163:Middlewares/Third_Party/LwIP/src/core/ipv4/icmp.c ****         if (alloc_len < p->tot_len) {
 164:Middlewares/Third_Party/LwIP/src/core/ipv4/icmp.c ****           LWIP_DEBUGF(ICMP_DEBUG, ("icmp_input: allocating new pbuf failed (tot_len overflow)\n"));
 165:Middlewares/Third_Party/LwIP/src/core/ipv4/icmp.c ****           goto icmperr;
 166:Middlewares/Third_Party/LwIP/src/core/ipv4/icmp.c ****         }
 167:Middlewares/Third_Party/LwIP/src/core/ipv4/icmp.c ****         /* allocate new packet buffer with space for link headers */
 168:Middlewares/Third_Party/LwIP/src/core/ipv4/icmp.c ****         r = pbuf_alloc(PBUF_LINK, alloc_len, PBUF_RAM);
 169:Middlewares/Third_Party/LwIP/src/core/ipv4/icmp.c ****         if (r == NULL) {
 170:Middlewares/Third_Party/LwIP/src/core/ipv4/icmp.c ****           LWIP_DEBUGF(ICMP_DEBUG, ("icmp_input: allocating new pbuf failed\n"));
 171:Middlewares/Third_Party/LwIP/src/core/ipv4/icmp.c ****           goto icmperr;
 172:Middlewares/Third_Party/LwIP/src/core/ipv4/icmp.c ****         }
 173:Middlewares/Third_Party/LwIP/src/core/ipv4/icmp.c ****         if (r->len < hlen + sizeof(struct icmp_echo_hdr)) {
 174:Middlewares/Third_Party/LwIP/src/core/ipv4/icmp.c ****           LWIP_DEBUGF(ICMP_DEBUG | LWIP_DBG_LEVEL_SERIOUS, ("first pbuf cannot hold the ICMP header
 175:Middlewares/Third_Party/LwIP/src/core/ipv4/icmp.c ****           pbuf_free(r);
 176:Middlewares/Third_Party/LwIP/src/core/ipv4/icmp.c ****           goto icmperr;
 177:Middlewares/Third_Party/LwIP/src/core/ipv4/icmp.c ****         }
 178:Middlewares/Third_Party/LwIP/src/core/ipv4/icmp.c ****         /* copy the ip header */
 179:Middlewares/Third_Party/LwIP/src/core/ipv4/icmp.c ****         MEMCPY(r->payload, iphdr_in, hlen);
 180:Middlewares/Third_Party/LwIP/src/core/ipv4/icmp.c ****         /* switch r->payload back to icmp header (cannot fail) */
ARM GAS  /tmp/ccxBv7dm.s 			page 5


 181:Middlewares/Third_Party/LwIP/src/core/ipv4/icmp.c ****         if (pbuf_remove_header(r, hlen)) {
 182:Middlewares/Third_Party/LwIP/src/core/ipv4/icmp.c ****           LWIP_ASSERT("icmp_input: moving r->payload to icmp header failed\n", 0);
 183:Middlewares/Third_Party/LwIP/src/core/ipv4/icmp.c ****           pbuf_free(r);
 184:Middlewares/Third_Party/LwIP/src/core/ipv4/icmp.c ****           goto icmperr;
 185:Middlewares/Third_Party/LwIP/src/core/ipv4/icmp.c ****         }
 186:Middlewares/Third_Party/LwIP/src/core/ipv4/icmp.c ****         /* copy the rest of the packet without ip header */
 187:Middlewares/Third_Party/LwIP/src/core/ipv4/icmp.c ****         if (pbuf_copy(r, p) != ERR_OK) {
 188:Middlewares/Third_Party/LwIP/src/core/ipv4/icmp.c ****           LWIP_DEBUGF(ICMP_DEBUG | LWIP_DBG_LEVEL_SERIOUS, ("icmp_input: copying to new pbuf failed
 189:Middlewares/Third_Party/LwIP/src/core/ipv4/icmp.c ****           pbuf_free(r);
 190:Middlewares/Third_Party/LwIP/src/core/ipv4/icmp.c ****           goto icmperr;
 191:Middlewares/Third_Party/LwIP/src/core/ipv4/icmp.c ****         }
 192:Middlewares/Third_Party/LwIP/src/core/ipv4/icmp.c ****         /* free the original p */
 193:Middlewares/Third_Party/LwIP/src/core/ipv4/icmp.c ****         pbuf_free(p);
 194:Middlewares/Third_Party/LwIP/src/core/ipv4/icmp.c ****         /* we now have an identical copy of p that has room for link headers */
 195:Middlewares/Third_Party/LwIP/src/core/ipv4/icmp.c ****         p = r;
 196:Middlewares/Third_Party/LwIP/src/core/ipv4/icmp.c ****       } else {
 197:Middlewares/Third_Party/LwIP/src/core/ipv4/icmp.c ****         /* restore p->payload to point to icmp header (cannot fail) */
 198:Middlewares/Third_Party/LwIP/src/core/ipv4/icmp.c ****         if (pbuf_remove_header(p, hlen + PBUF_LINK_HLEN + PBUF_LINK_ENCAPSULATION_HLEN)) {
 199:Middlewares/Third_Party/LwIP/src/core/ipv4/icmp.c ****           LWIP_ASSERT("icmp_input: restoring original p->payload failed\n", 0);
 200:Middlewares/Third_Party/LwIP/src/core/ipv4/icmp.c ****           goto icmperr;
 201:Middlewares/Third_Party/LwIP/src/core/ipv4/icmp.c ****         }
 202:Middlewares/Third_Party/LwIP/src/core/ipv4/icmp.c ****       }
 203:Middlewares/Third_Party/LwIP/src/core/ipv4/icmp.c **** #endif /* LWIP_ICMP_ECHO_CHECK_INPUT_PBUF_LEN */
 204:Middlewares/Third_Party/LwIP/src/core/ipv4/icmp.c ****       /* At this point, all checks are OK. */
 205:Middlewares/Third_Party/LwIP/src/core/ipv4/icmp.c ****       /* We generate an answer by switching the dest and src ip addresses,
 206:Middlewares/Third_Party/LwIP/src/core/ipv4/icmp.c ****        * setting the icmp type to ECHO_RESPONSE and updating the checksum. */
 207:Middlewares/Third_Party/LwIP/src/core/ipv4/icmp.c ****       iecho = (struct icmp_echo_hdr *)p->payload;
 208:Middlewares/Third_Party/LwIP/src/core/ipv4/icmp.c ****       if (pbuf_add_header(p, hlen)) {
 209:Middlewares/Third_Party/LwIP/src/core/ipv4/icmp.c ****         LWIP_DEBUGF(ICMP_DEBUG | LWIP_DBG_LEVEL_SERIOUS, ("Can't move over header in packet"));
 210:Middlewares/Third_Party/LwIP/src/core/ipv4/icmp.c ****       } else {
 211:Middlewares/Third_Party/LwIP/src/core/ipv4/icmp.c ****         err_t ret;
 212:Middlewares/Third_Party/LwIP/src/core/ipv4/icmp.c ****         struct ip_hdr *iphdr = (struct ip_hdr *)p->payload;
 213:Middlewares/Third_Party/LwIP/src/core/ipv4/icmp.c ****         ip4_addr_copy(iphdr->src, *src);
 214:Middlewares/Third_Party/LwIP/src/core/ipv4/icmp.c ****         ip4_addr_copy(iphdr->dest, *ip4_current_src_addr());
 215:Middlewares/Third_Party/LwIP/src/core/ipv4/icmp.c ****         ICMPH_TYPE_SET(iecho, ICMP_ER);
 216:Middlewares/Third_Party/LwIP/src/core/ipv4/icmp.c **** #if CHECKSUM_GEN_ICMP
 217:Middlewares/Third_Party/LwIP/src/core/ipv4/icmp.c ****         IF__NETIF_CHECKSUM_ENABLED(inp, NETIF_CHECKSUM_GEN_ICMP) {
 218:Middlewares/Third_Party/LwIP/src/core/ipv4/icmp.c ****           /* adjust the checksum */
 219:Middlewares/Third_Party/LwIP/src/core/ipv4/icmp.c ****           if (iecho->chksum > PP_HTONS(0xffffU - (ICMP_ECHO << 8))) {
 220:Middlewares/Third_Party/LwIP/src/core/ipv4/icmp.c ****             iecho->chksum = (u16_t)(iecho->chksum + PP_HTONS((u16_t)(ICMP_ECHO << 8)) + 1);
 221:Middlewares/Third_Party/LwIP/src/core/ipv4/icmp.c ****           } else {
 222:Middlewares/Third_Party/LwIP/src/core/ipv4/icmp.c ****             iecho->chksum = (u16_t)(iecho->chksum + PP_HTONS(ICMP_ECHO << 8));
 223:Middlewares/Third_Party/LwIP/src/core/ipv4/icmp.c ****           }
 224:Middlewares/Third_Party/LwIP/src/core/ipv4/icmp.c ****         }
 225:Middlewares/Third_Party/LwIP/src/core/ipv4/icmp.c **** #if LWIP_CHECKSUM_CTRL_PER_NETIF
 226:Middlewares/Third_Party/LwIP/src/core/ipv4/icmp.c ****         else {
 227:Middlewares/Third_Party/LwIP/src/core/ipv4/icmp.c ****           iecho->chksum = 0;
 228:Middlewares/Third_Party/LwIP/src/core/ipv4/icmp.c ****         }
 229:Middlewares/Third_Party/LwIP/src/core/ipv4/icmp.c **** #endif /* LWIP_CHECKSUM_CTRL_PER_NETIF */
 230:Middlewares/Third_Party/LwIP/src/core/ipv4/icmp.c **** #else /* CHECKSUM_GEN_ICMP */
 231:Middlewares/Third_Party/LwIP/src/core/ipv4/icmp.c ****         iecho->chksum = 0;
 232:Middlewares/Third_Party/LwIP/src/core/ipv4/icmp.c **** #endif /* CHECKSUM_GEN_ICMP */
 233:Middlewares/Third_Party/LwIP/src/core/ipv4/icmp.c **** 
 234:Middlewares/Third_Party/LwIP/src/core/ipv4/icmp.c ****         /* Set the correct TTL and recalculate the header checksum. */
 235:Middlewares/Third_Party/LwIP/src/core/ipv4/icmp.c ****         IPH_TTL_SET(iphdr, ICMP_TTL);
 236:Middlewares/Third_Party/LwIP/src/core/ipv4/icmp.c ****         IPH_CHKSUM_SET(iphdr, 0);
 237:Middlewares/Third_Party/LwIP/src/core/ipv4/icmp.c **** #if CHECKSUM_GEN_IP
ARM GAS  /tmp/ccxBv7dm.s 			page 6


 238:Middlewares/Third_Party/LwIP/src/core/ipv4/icmp.c ****         IF__NETIF_CHECKSUM_ENABLED(inp, NETIF_CHECKSUM_GEN_IP) {
 239:Middlewares/Third_Party/LwIP/src/core/ipv4/icmp.c ****           IPH_CHKSUM_SET(iphdr, inet_chksum(iphdr, hlen));
 240:Middlewares/Third_Party/LwIP/src/core/ipv4/icmp.c ****         }
 241:Middlewares/Third_Party/LwIP/src/core/ipv4/icmp.c **** #endif /* CHECKSUM_GEN_IP */
 242:Middlewares/Third_Party/LwIP/src/core/ipv4/icmp.c **** 
 243:Middlewares/Third_Party/LwIP/src/core/ipv4/icmp.c ****         ICMP_STATS_INC(icmp.xmit);
 244:Middlewares/Third_Party/LwIP/src/core/ipv4/icmp.c ****         /* increase number of messages attempted to send */
 245:Middlewares/Third_Party/LwIP/src/core/ipv4/icmp.c ****         MIB2_STATS_INC(mib2.icmpoutmsgs);
 246:Middlewares/Third_Party/LwIP/src/core/ipv4/icmp.c ****         /* increase number of echo replies attempted to send */
 247:Middlewares/Third_Party/LwIP/src/core/ipv4/icmp.c ****         MIB2_STATS_INC(mib2.icmpoutechoreps);
 248:Middlewares/Third_Party/LwIP/src/core/ipv4/icmp.c **** 
 249:Middlewares/Third_Party/LwIP/src/core/ipv4/icmp.c ****         /* send an ICMP packet */
 250:Middlewares/Third_Party/LwIP/src/core/ipv4/icmp.c ****         ret = ip4_output_if(p, src, LWIP_IP_HDRINCL,
 251:Middlewares/Third_Party/LwIP/src/core/ipv4/icmp.c ****                             ICMP_TTL, 0, IP_PROTO_ICMP, inp);
 252:Middlewares/Third_Party/LwIP/src/core/ipv4/icmp.c ****         if (ret != ERR_OK) {
 253:Middlewares/Third_Party/LwIP/src/core/ipv4/icmp.c ****           LWIP_DEBUGF(ICMP_DEBUG, ("icmp_input: ip_output_if returned an error: %s\n", lwip_strerr(
 254:Middlewares/Third_Party/LwIP/src/core/ipv4/icmp.c ****         }
 255:Middlewares/Third_Party/LwIP/src/core/ipv4/icmp.c ****       }
 256:Middlewares/Third_Party/LwIP/src/core/ipv4/icmp.c ****       break;
 257:Middlewares/Third_Party/LwIP/src/core/ipv4/icmp.c ****     default:
 258:Middlewares/Third_Party/LwIP/src/core/ipv4/icmp.c ****       if (type == ICMP_DUR) {
 259:Middlewares/Third_Party/LwIP/src/core/ipv4/icmp.c ****         MIB2_STATS_INC(mib2.icmpindestunreachs);
 260:Middlewares/Third_Party/LwIP/src/core/ipv4/icmp.c ****       } else if (type == ICMP_TE) {
 261:Middlewares/Third_Party/LwIP/src/core/ipv4/icmp.c ****         MIB2_STATS_INC(mib2.icmpintimeexcds);
 262:Middlewares/Third_Party/LwIP/src/core/ipv4/icmp.c ****       } else if (type == ICMP_PP) {
 263:Middlewares/Third_Party/LwIP/src/core/ipv4/icmp.c ****         MIB2_STATS_INC(mib2.icmpinparmprobs);
 264:Middlewares/Third_Party/LwIP/src/core/ipv4/icmp.c ****       } else if (type == ICMP_SQ) {
 265:Middlewares/Third_Party/LwIP/src/core/ipv4/icmp.c ****         MIB2_STATS_INC(mib2.icmpinsrcquenchs);
 266:Middlewares/Third_Party/LwIP/src/core/ipv4/icmp.c ****       } else if (type == ICMP_RD) {
 267:Middlewares/Third_Party/LwIP/src/core/ipv4/icmp.c ****         MIB2_STATS_INC(mib2.icmpinredirects);
 268:Middlewares/Third_Party/LwIP/src/core/ipv4/icmp.c ****       } else if (type == ICMP_TS) {
 269:Middlewares/Third_Party/LwIP/src/core/ipv4/icmp.c ****         MIB2_STATS_INC(mib2.icmpintimestamps);
 270:Middlewares/Third_Party/LwIP/src/core/ipv4/icmp.c ****       } else if (type == ICMP_TSR) {
 271:Middlewares/Third_Party/LwIP/src/core/ipv4/icmp.c ****         MIB2_STATS_INC(mib2.icmpintimestampreps);
 272:Middlewares/Third_Party/LwIP/src/core/ipv4/icmp.c ****       } else if (type == ICMP_AM) {
 273:Middlewares/Third_Party/LwIP/src/core/ipv4/icmp.c ****         MIB2_STATS_INC(mib2.icmpinaddrmasks);
 274:Middlewares/Third_Party/LwIP/src/core/ipv4/icmp.c ****       } else if (type == ICMP_AMR) {
 275:Middlewares/Third_Party/LwIP/src/core/ipv4/icmp.c ****         MIB2_STATS_INC(mib2.icmpinaddrmaskreps);
 276:Middlewares/Third_Party/LwIP/src/core/ipv4/icmp.c ****       }
 277:Middlewares/Third_Party/LwIP/src/core/ipv4/icmp.c ****       LWIP_DEBUGF(ICMP_DEBUG, ("icmp_input: ICMP type %"S16_F" code %"S16_F" not supported.\n",
 278:Middlewares/Third_Party/LwIP/src/core/ipv4/icmp.c ****                                (s16_t)type, (s16_t)code));
 279:Middlewares/Third_Party/LwIP/src/core/ipv4/icmp.c ****       ICMP_STATS_INC(icmp.proterr);
 280:Middlewares/Third_Party/LwIP/src/core/ipv4/icmp.c ****       ICMP_STATS_INC(icmp.drop);
 281:Middlewares/Third_Party/LwIP/src/core/ipv4/icmp.c ****   }
 282:Middlewares/Third_Party/LwIP/src/core/ipv4/icmp.c ****   pbuf_free(p);
 283:Middlewares/Third_Party/LwIP/src/core/ipv4/icmp.c ****   return;
 284:Middlewares/Third_Party/LwIP/src/core/ipv4/icmp.c **** lenerr:
 285:Middlewares/Third_Party/LwIP/src/core/ipv4/icmp.c ****   pbuf_free(p);
 286:Middlewares/Third_Party/LwIP/src/core/ipv4/icmp.c ****   ICMP_STATS_INC(icmp.lenerr);
 287:Middlewares/Third_Party/LwIP/src/core/ipv4/icmp.c ****   MIB2_STATS_INC(mib2.icmpinerrors);
 288:Middlewares/Third_Party/LwIP/src/core/ipv4/icmp.c ****   return;
 289:Middlewares/Third_Party/LwIP/src/core/ipv4/icmp.c **** #if LWIP_ICMP_ECHO_CHECK_INPUT_PBUF_LEN || !LWIP_MULTICAST_PING || !LWIP_BROADCAST_PING
 290:Middlewares/Third_Party/LwIP/src/core/ipv4/icmp.c **** icmperr:
 291:Middlewares/Third_Party/LwIP/src/core/ipv4/icmp.c ****   pbuf_free(p);
 292:Middlewares/Third_Party/LwIP/src/core/ipv4/icmp.c ****   ICMP_STATS_INC(icmp.err);
 293:Middlewares/Third_Party/LwIP/src/core/ipv4/icmp.c ****   MIB2_STATS_INC(mib2.icmpinerrors);
 294:Middlewares/Third_Party/LwIP/src/core/ipv4/icmp.c ****   return;
ARM GAS  /tmp/ccxBv7dm.s 			page 7


 295:Middlewares/Third_Party/LwIP/src/core/ipv4/icmp.c **** #endif /* LWIP_ICMP_ECHO_CHECK_INPUT_PBUF_LEN || !LWIP_MULTICAST_PING || !LWIP_BROADCAST_PING */
 296:Middlewares/Third_Party/LwIP/src/core/ipv4/icmp.c **** }
 297:Middlewares/Third_Party/LwIP/src/core/ipv4/icmp.c **** 
 298:Middlewares/Third_Party/LwIP/src/core/ipv4/icmp.c **** /**
 299:Middlewares/Third_Party/LwIP/src/core/ipv4/icmp.c ****  * Send an icmp 'destination unreachable' packet, called from ip_input() if
 300:Middlewares/Third_Party/LwIP/src/core/ipv4/icmp.c ****  * the transport layer protocol is unknown and from udp_input() if the local
 301:Middlewares/Third_Party/LwIP/src/core/ipv4/icmp.c ****  * port is not bound.
 302:Middlewares/Third_Party/LwIP/src/core/ipv4/icmp.c ****  *
 303:Middlewares/Third_Party/LwIP/src/core/ipv4/icmp.c ****  * @param p the input packet for which the 'unreachable' should be sent,
 304:Middlewares/Third_Party/LwIP/src/core/ipv4/icmp.c ****  *          p->payload pointing to the IP header
 305:Middlewares/Third_Party/LwIP/src/core/ipv4/icmp.c ****  * @param t type of the 'unreachable' packet
 306:Middlewares/Third_Party/LwIP/src/core/ipv4/icmp.c ****  */
 307:Middlewares/Third_Party/LwIP/src/core/ipv4/icmp.c **** void
 308:Middlewares/Third_Party/LwIP/src/core/ipv4/icmp.c **** icmp_dest_unreach(struct pbuf *p, enum icmp_dur_type t)
 309:Middlewares/Third_Party/LwIP/src/core/ipv4/icmp.c **** {
 310:Middlewares/Third_Party/LwIP/src/core/ipv4/icmp.c ****   MIB2_STATS_INC(mib2.icmpoutdestunreachs);
 311:Middlewares/Third_Party/LwIP/src/core/ipv4/icmp.c ****   icmp_send_response(p, ICMP_DUR, t);
 312:Middlewares/Third_Party/LwIP/src/core/ipv4/icmp.c **** }
 313:Middlewares/Third_Party/LwIP/src/core/ipv4/icmp.c **** 
 314:Middlewares/Third_Party/LwIP/src/core/ipv4/icmp.c **** #if IP_FORWARD || IP_REASSEMBLY
 315:Middlewares/Third_Party/LwIP/src/core/ipv4/icmp.c **** /**
 316:Middlewares/Third_Party/LwIP/src/core/ipv4/icmp.c ****  * Send a 'time exceeded' packet, called from ip_forward() if TTL is 0.
 317:Middlewares/Third_Party/LwIP/src/core/ipv4/icmp.c ****  *
 318:Middlewares/Third_Party/LwIP/src/core/ipv4/icmp.c ****  * @param p the input packet for which the 'time exceeded' should be sent,
 319:Middlewares/Third_Party/LwIP/src/core/ipv4/icmp.c ****  *          p->payload pointing to the IP header
 320:Middlewares/Third_Party/LwIP/src/core/ipv4/icmp.c ****  * @param t type of the 'time exceeded' packet
 321:Middlewares/Third_Party/LwIP/src/core/ipv4/icmp.c ****  */
 322:Middlewares/Third_Party/LwIP/src/core/ipv4/icmp.c **** void
 323:Middlewares/Third_Party/LwIP/src/core/ipv4/icmp.c **** icmp_time_exceeded(struct pbuf *p, enum icmp_te_type t)
 324:Middlewares/Third_Party/LwIP/src/core/ipv4/icmp.c **** {
 325:Middlewares/Third_Party/LwIP/src/core/ipv4/icmp.c ****   MIB2_STATS_INC(mib2.icmpouttimeexcds);
 326:Middlewares/Third_Party/LwIP/src/core/ipv4/icmp.c ****   icmp_send_response(p, ICMP_TE, t);
 327:Middlewares/Third_Party/LwIP/src/core/ipv4/icmp.c **** }
 328:Middlewares/Third_Party/LwIP/src/core/ipv4/icmp.c **** 
 329:Middlewares/Third_Party/LwIP/src/core/ipv4/icmp.c **** #endif /* IP_FORWARD || IP_REASSEMBLY */
 330:Middlewares/Third_Party/LwIP/src/core/ipv4/icmp.c **** 
 331:Middlewares/Third_Party/LwIP/src/core/ipv4/icmp.c **** /**
 332:Middlewares/Third_Party/LwIP/src/core/ipv4/icmp.c ****  * Send an icmp packet in response to an incoming packet.
 333:Middlewares/Third_Party/LwIP/src/core/ipv4/icmp.c ****  *
 334:Middlewares/Third_Party/LwIP/src/core/ipv4/icmp.c ****  * @param p the input packet for which the 'unreachable' should be sent,
 335:Middlewares/Third_Party/LwIP/src/core/ipv4/icmp.c ****  *          p->payload pointing to the IP header
 336:Middlewares/Third_Party/LwIP/src/core/ipv4/icmp.c ****  * @param type Type of the ICMP header
 337:Middlewares/Third_Party/LwIP/src/core/ipv4/icmp.c ****  * @param code Code of the ICMP header
 338:Middlewares/Third_Party/LwIP/src/core/ipv4/icmp.c ****  */
 339:Middlewares/Third_Party/LwIP/src/core/ipv4/icmp.c **** static void
 340:Middlewares/Third_Party/LwIP/src/core/ipv4/icmp.c **** icmp_send_response(struct pbuf *p, u8_t type, u8_t code)
 341:Middlewares/Third_Party/LwIP/src/core/ipv4/icmp.c **** {
  38              		.loc 1 341 1 view -0
  39              		.cfi_startproc
  40              		@ args = 0, pretend = 0, frame = 8
  41              		@ frame_needed = 0, uses_anonymous_args = 0
  42              		.loc 1 341 1 is_stmt 0 view .LVU1
  43 0000 2DE9F041 		push	{r4, r5, r6, r7, r8, lr}
  44              	.LCFI0:
  45              		.cfi_def_cfa_offset 24
  46              		.cfi_offset 4, -24
  47              		.cfi_offset 5, -20
ARM GAS  /tmp/ccxBv7dm.s 			page 8


  48              		.cfi_offset 6, -16
  49              		.cfi_offset 7, -12
  50              		.cfi_offset 8, -8
  51              		.cfi_offset 14, -4
  52 0004 86B0     		sub	sp, sp, #24
  53              	.LCFI1:
  54              		.cfi_def_cfa_offset 48
  55 0006 0646     		mov	r6, r0
  56 0008 8846     		mov	r8, r1
  57 000a 1746     		mov	r7, r2
 342:Middlewares/Third_Party/LwIP/src/core/ipv4/icmp.c ****   struct pbuf *q;
  58              		.loc 1 342 3 is_stmt 1 view .LVU2
 343:Middlewares/Third_Party/LwIP/src/core/ipv4/icmp.c ****   struct ip_hdr *iphdr;
  59              		.loc 1 343 3 view .LVU3
 344:Middlewares/Third_Party/LwIP/src/core/ipv4/icmp.c ****   /* we can use the echo header here */
 345:Middlewares/Third_Party/LwIP/src/core/ipv4/icmp.c ****   struct icmp_echo_hdr *icmphdr;
  60              		.loc 1 345 3 view .LVU4
 346:Middlewares/Third_Party/LwIP/src/core/ipv4/icmp.c ****   ip4_addr_t iphdr_src;
  61              		.loc 1 346 3 view .LVU5
 347:Middlewares/Third_Party/LwIP/src/core/ipv4/icmp.c ****   struct netif *netif;
  62              		.loc 1 347 3 view .LVU6
 348:Middlewares/Third_Party/LwIP/src/core/ipv4/icmp.c **** 
 349:Middlewares/Third_Party/LwIP/src/core/ipv4/icmp.c ****   /* increase number of messages attempted to send */
 350:Middlewares/Third_Party/LwIP/src/core/ipv4/icmp.c ****   MIB2_STATS_INC(mib2.icmpoutmsgs);
  63              		.loc 1 350 35 view .LVU7
 351:Middlewares/Third_Party/LwIP/src/core/ipv4/icmp.c **** 
 352:Middlewares/Third_Party/LwIP/src/core/ipv4/icmp.c ****   /* ICMP header + IP header + 8 bytes of data */
 353:Middlewares/Third_Party/LwIP/src/core/ipv4/icmp.c ****   q = pbuf_alloc(PBUF_IP, sizeof(struct icmp_echo_hdr) + IP_HLEN + ICMP_DEST_UNREACH_DATASIZE,
  64              		.loc 1 353 3 view .LVU8
  65              		.loc 1 353 7 is_stmt 0 view .LVU9
  66 000c 4FF42072 		mov	r2, #640
  67              	.LVL1:
  68              		.loc 1 353 7 view .LVU10
  69 0010 2421     		movs	r1, #36
  70              	.LVL2:
  71              		.loc 1 353 7 view .LVU11
  72 0012 2220     		movs	r0, #34
  73              	.LVL3:
  74              		.loc 1 353 7 view .LVU12
  75 0014 FFF7FEFF 		bl	pbuf_alloc
  76              	.LVL4:
 354:Middlewares/Third_Party/LwIP/src/core/ipv4/icmp.c ****                  PBUF_RAM);
 355:Middlewares/Third_Party/LwIP/src/core/ipv4/icmp.c ****   if (q == NULL) {
  77              		.loc 1 355 3 is_stmt 1 view .LVU13
  78              		.loc 1 355 6 is_stmt 0 view .LVU14
  79 0018 A0B3     		cbz	r0, .L1
  80 001a 0546     		mov	r5, r0
 356:Middlewares/Third_Party/LwIP/src/core/ipv4/icmp.c ****     LWIP_DEBUGF(ICMP_DEBUG, ("icmp_time_exceeded: failed to allocate pbuf for ICMP packet.\n"));
 357:Middlewares/Third_Party/LwIP/src/core/ipv4/icmp.c ****     MIB2_STATS_INC(mib2.icmpouterrors);
 358:Middlewares/Third_Party/LwIP/src/core/ipv4/icmp.c ****     return;
 359:Middlewares/Third_Party/LwIP/src/core/ipv4/icmp.c ****   }
 360:Middlewares/Third_Party/LwIP/src/core/ipv4/icmp.c ****   LWIP_ASSERT("check that first pbuf can hold icmp message",
  81              		.loc 1 360 3 is_stmt 1 view .LVU15
  82              		.loc 1 360 3 view .LVU16
  83 001c 4389     		ldrh	r3, [r0, #10]
  84 001e 232B     		cmp	r3, #35
  85 0020 33D9     		bls	.L7
ARM GAS  /tmp/ccxBv7dm.s 			page 9


  86              	.LVL5:
  87              	.L4:
  88              		.loc 1 360 3 discriminator 3 view .LVU17
  89              		.loc 1 360 3 discriminator 3 view .LVU18
 361:Middlewares/Third_Party/LwIP/src/core/ipv4/icmp.c ****               (q->len >= (sizeof(struct icmp_echo_hdr) + IP_HLEN + ICMP_DEST_UNREACH_DATASIZE)));
 362:Middlewares/Third_Party/LwIP/src/core/ipv4/icmp.c **** 
 363:Middlewares/Third_Party/LwIP/src/core/ipv4/icmp.c ****   iphdr = (struct ip_hdr *)p->payload;
  90              		.loc 1 363 3 discriminator 3 view .LVU19
  91              		.loc 1 363 9 is_stmt 0 discriminator 3 view .LVU20
  92 0022 D6F804C0 		ldr	ip, [r6, #4]
  93              	.LVL6:
 364:Middlewares/Third_Party/LwIP/src/core/ipv4/icmp.c ****   LWIP_DEBUGF(ICMP_DEBUG, ("icmp_time_exceeded from "));
  94              		.loc 1 364 56 is_stmt 1 discriminator 3 view .LVU21
 365:Middlewares/Third_Party/LwIP/src/core/ipv4/icmp.c ****   ip4_addr_debug_print_val(ICMP_DEBUG, iphdr->src);
  95              		.loc 1 365 51 discriminator 3 view .LVU22
 366:Middlewares/Third_Party/LwIP/src/core/ipv4/icmp.c ****   LWIP_DEBUGF(ICMP_DEBUG, (" to "));
  96              		.loc 1 366 36 discriminator 3 view .LVU23
 367:Middlewares/Third_Party/LwIP/src/core/ipv4/icmp.c ****   ip4_addr_debug_print_val(ICMP_DEBUG, iphdr->dest);
  97              		.loc 1 367 52 discriminator 3 view .LVU24
 368:Middlewares/Third_Party/LwIP/src/core/ipv4/icmp.c ****   LWIP_DEBUGF(ICMP_DEBUG, ("\n"));
  98              		.loc 1 368 34 discriminator 3 view .LVU25
 369:Middlewares/Third_Party/LwIP/src/core/ipv4/icmp.c **** 
 370:Middlewares/Third_Party/LwIP/src/core/ipv4/icmp.c ****   icmphdr = (struct icmp_echo_hdr *)q->payload;
  99              		.loc 1 370 3 discriminator 3 view .LVU26
 100              		.loc 1 370 11 is_stmt 0 discriminator 3 view .LVU27
 101 0026 6C68     		ldr	r4, [r5, #4]
 102              	.LVL7:
 371:Middlewares/Third_Party/LwIP/src/core/ipv4/icmp.c ****   icmphdr->type = type;
 103              		.loc 1 371 3 is_stmt 1 discriminator 3 view .LVU28
 104              		.loc 1 371 17 is_stmt 0 discriminator 3 view .LVU29
 105 0028 84F80080 		strb	r8, [r4]
 372:Middlewares/Third_Party/LwIP/src/core/ipv4/icmp.c ****   icmphdr->code = code;
 106              		.loc 1 372 3 is_stmt 1 discriminator 3 view .LVU30
 107              		.loc 1 372 17 is_stmt 0 discriminator 3 view .LVU31
 108 002c 6770     		strb	r7, [r4, #1]
 373:Middlewares/Third_Party/LwIP/src/core/ipv4/icmp.c ****   icmphdr->id = 0;
 109              		.loc 1 373 3 is_stmt 1 discriminator 3 view .LVU32
 110              		.loc 1 373 15 is_stmt 0 discriminator 3 view .LVU33
 111 002e 0023     		movs	r3, #0
 112 0030 2371     		strb	r3, [r4, #4]
 113 0032 6371     		strb	r3, [r4, #5]
 374:Middlewares/Third_Party/LwIP/src/core/ipv4/icmp.c ****   icmphdr->seqno = 0;
 114              		.loc 1 374 3 is_stmt 1 discriminator 3 view .LVU34
 115              		.loc 1 374 18 is_stmt 0 discriminator 3 view .LVU35
 116 0034 A371     		strb	r3, [r4, #6]
 117 0036 E371     		strb	r3, [r4, #7]
 375:Middlewares/Third_Party/LwIP/src/core/ipv4/icmp.c **** 
 376:Middlewares/Third_Party/LwIP/src/core/ipv4/icmp.c ****   /* copy fields from original packet */
 377:Middlewares/Third_Party/LwIP/src/core/ipv4/icmp.c ****   SMEMCPY((u8_t *)q->payload + sizeof(struct icmp_echo_hdr), (u8_t *)p->payload,
 118              		.loc 1 377 3 is_stmt 1 discriminator 3 view .LVU36
 119 0038 6B68     		ldr	r3, [r5, #4]
 120 003a 7268     		ldr	r2, [r6, #4]
 121 003c 1668     		ldr	r6, [r2]	@ unaligned
 122              	.LVL8:
 123              		.loc 1 377 3 is_stmt 0 discriminator 3 view .LVU37
 124 003e 5068     		ldr	r0, [r2, #4]	@ unaligned
 125 0040 9168     		ldr	r1, [r2, #8]	@ unaligned
ARM GAS  /tmp/ccxBv7dm.s 			page 10


 126 0042 D768     		ldr	r7, [r2, #12]	@ unaligned
 127 0044 9E60     		str	r6, [r3, #8]	@ unaligned
 128 0046 D860     		str	r0, [r3, #12]	@ unaligned
 129 0048 1961     		str	r1, [r3, #16]	@ unaligned
 130 004a 5F61     		str	r7, [r3, #20]	@ unaligned
 131 004c 1669     		ldr	r6, [r2, #16]	@ unaligned
 132 004e 5069     		ldr	r0, [r2, #20]	@ unaligned
 133 0050 9169     		ldr	r1, [r2, #24]	@ unaligned
 134 0052 9E61     		str	r6, [r3, #24]	@ unaligned
 135 0054 D861     		str	r0, [r3, #28]	@ unaligned
 136 0056 1962     		str	r1, [r3, #32]	@ unaligned
 378:Middlewares/Third_Party/LwIP/src/core/ipv4/icmp.c ****           IP_HLEN + ICMP_DEST_UNREACH_DATASIZE);
 379:Middlewares/Third_Party/LwIP/src/core/ipv4/icmp.c **** 
 380:Middlewares/Third_Party/LwIP/src/core/ipv4/icmp.c ****   ip4_addr_copy(iphdr_src, iphdr->src);
 137              		.loc 1 380 3 is_stmt 1 discriminator 3 view .LVU38
 138 0058 DCF80C30 		ldr	r3, [ip, #12]	@ unaligned
 139 005c 0593     		str	r3, [sp, #20]
 381:Middlewares/Third_Party/LwIP/src/core/ipv4/icmp.c **** #ifdef LWIP_HOOK_IP4_ROUTE_SRC
 382:Middlewares/Third_Party/LwIP/src/core/ipv4/icmp.c ****   {
 383:Middlewares/Third_Party/LwIP/src/core/ipv4/icmp.c ****     ip4_addr_t iphdr_dst;
 384:Middlewares/Third_Party/LwIP/src/core/ipv4/icmp.c ****     ip4_addr_copy(iphdr_dst, iphdr->dest);
 385:Middlewares/Third_Party/LwIP/src/core/ipv4/icmp.c ****     netif = ip4_route_src(&iphdr_dst, &iphdr_src);
 386:Middlewares/Third_Party/LwIP/src/core/ipv4/icmp.c ****   }
 387:Middlewares/Third_Party/LwIP/src/core/ipv4/icmp.c **** #else
 388:Middlewares/Third_Party/LwIP/src/core/ipv4/icmp.c ****   netif = ip4_route(&iphdr_src);
 140              		.loc 1 388 3 discriminator 3 view .LVU39
 141              		.loc 1 388 11 is_stmt 0 discriminator 3 view .LVU40
 142 005e 05A8     		add	r0, sp, #20
 143 0060 FFF7FEFF 		bl	ip4_route
 144              	.LVL9:
 389:Middlewares/Third_Party/LwIP/src/core/ipv4/icmp.c **** #endif
 390:Middlewares/Third_Party/LwIP/src/core/ipv4/icmp.c ****   if (netif != NULL) {
 145              		.loc 1 390 3 is_stmt 1 discriminator 3 view .LVU41
 146              		.loc 1 390 6 is_stmt 0 discriminator 3 view .LVU42
 147 0064 58B1     		cbz	r0, .L5
 391:Middlewares/Third_Party/LwIP/src/core/ipv4/icmp.c ****     /* calculate checksum */
 392:Middlewares/Third_Party/LwIP/src/core/ipv4/icmp.c ****     icmphdr->chksum = 0;
 148              		.loc 1 392 5 is_stmt 1 view .LVU43
 149              		.loc 1 392 21 is_stmt 0 view .LVU44
 150 0066 0021     		movs	r1, #0
 151 0068 A170     		strb	r1, [r4, #2]
 152 006a E170     		strb	r1, [r4, #3]
 393:Middlewares/Third_Party/LwIP/src/core/ipv4/icmp.c **** #if CHECKSUM_GEN_ICMP
 394:Middlewares/Third_Party/LwIP/src/core/ipv4/icmp.c ****     IF__NETIF_CHECKSUM_ENABLED(netif, NETIF_CHECKSUM_GEN_ICMP) {
 395:Middlewares/Third_Party/LwIP/src/core/ipv4/icmp.c ****       icmphdr->chksum = inet_chksum(icmphdr, q->len);
 396:Middlewares/Third_Party/LwIP/src/core/ipv4/icmp.c ****     }
 397:Middlewares/Third_Party/LwIP/src/core/ipv4/icmp.c **** #endif
 398:Middlewares/Third_Party/LwIP/src/core/ipv4/icmp.c ****     ICMP_STATS_INC(icmp.xmit);
 153              		.loc 1 398 30 is_stmt 1 view .LVU45
 399:Middlewares/Third_Party/LwIP/src/core/ipv4/icmp.c ****     ip4_output_if(q, NULL, &iphdr_src, ICMP_TTL, 0, IP_PROTO_ICMP, netif);
 154              		.loc 1 399 5 view .LVU46
 155 006c 0290     		str	r0, [sp, #8]
 156 006e 0123     		movs	r3, #1
 157 0070 0193     		str	r3, [sp, #4]
 158 0072 0091     		str	r1, [sp]
 159 0074 FF23     		movs	r3, #255
 160 0076 05AA     		add	r2, sp, #20
ARM GAS  /tmp/ccxBv7dm.s 			page 11


 161 0078 2846     		mov	r0, r5
 162              	.LVL10:
 163              		.loc 1 399 5 is_stmt 0 view .LVU47
 164 007a FFF7FEFF 		bl	ip4_output_if
 165              	.LVL11:
 166              	.L5:
 400:Middlewares/Third_Party/LwIP/src/core/ipv4/icmp.c ****   }
 401:Middlewares/Third_Party/LwIP/src/core/ipv4/icmp.c ****   pbuf_free(q);
 167              		.loc 1 401 3 is_stmt 1 view .LVU48
 168 007e 2846     		mov	r0, r5
 169 0080 FFF7FEFF 		bl	pbuf_free
 170              	.LVL12:
 171              	.L1:
 402:Middlewares/Third_Party/LwIP/src/core/ipv4/icmp.c **** }
 172              		.loc 1 402 1 is_stmt 0 view .LVU49
 173 0084 06B0     		add	sp, sp, #24
 174              	.LCFI2:
 175              		.cfi_remember_state
 176              		.cfi_def_cfa_offset 24
 177              		@ sp needed
 178 0086 BDE8F081 		pop	{r4, r5, r6, r7, r8, pc}
 179              	.LVL13:
 180              	.L7:
 181              	.LCFI3:
 182              		.cfi_restore_state
 360:Middlewares/Third_Party/LwIP/src/core/ipv4/icmp.c ****               (q->len >= (sizeof(struct icmp_echo_hdr) + IP_HLEN + ICMP_DEST_UNREACH_DATASIZE)));
 183              		.loc 1 360 3 is_stmt 1 discriminator 1 view .LVU50
 360:Middlewares/Third_Party/LwIP/src/core/ipv4/icmp.c ****               (q->len >= (sizeof(struct icmp_echo_hdr) + IP_HLEN + ICMP_DEST_UNREACH_DATASIZE)));
 184              		.loc 1 360 3 discriminator 1 view .LVU51
 185 008a 044B     		ldr	r3, .L8
 186 008c 4FF4B472 		mov	r2, #360
 187 0090 0349     		ldr	r1, .L8+4
 188 0092 0448     		ldr	r0, .L8+8
 189              	.LVL14:
 360:Middlewares/Third_Party/LwIP/src/core/ipv4/icmp.c ****               (q->len >= (sizeof(struct icmp_echo_hdr) + IP_HLEN + ICMP_DEST_UNREACH_DATASIZE)));
 190              		.loc 1 360 3 is_stmt 0 discriminator 1 view .LVU52
 191 0094 FFF7FEFF 		bl	printf
 192              	.LVL15:
 193 0098 C3E7     		b	.L4
 194              	.L9:
 195 009a 00BF     		.align	2
 196              	.L8:
 197 009c 00000000 		.word	.LC0
 198 00a0 34000000 		.word	.LC1
 199 00a4 60000000 		.word	.LC2
 200              		.cfi_endproc
 201              	.LFE169:
 203              		.section	.rodata.icmp_input.str1.4,"aMS",%progbits,1
 204              		.align	2
 205              	.LC3:
 206 0000 69636D70 		.ascii	"icmp_input: moving r->payload to icmp header failed"
 206      5F696E70 
 206      75743A20 
 206      6D6F7669 
 206      6E672072 
 207 0033 0A00     		.ascii	"\012\000"
 208 0035 000000   		.align	2
ARM GAS  /tmp/ccxBv7dm.s 			page 12


 209              	.LC4:
 210 0038 69636D70 		.ascii	"icmp_input: restoring original p->payload failed\012"
 210      5F696E70 
 210      75743A20 
 210      72657374 
 210      6F72696E 
 211 0069 00       		.ascii	"\000"
 212              		.section	.text.icmp_input,"ax",%progbits
 213              		.align	1
 214              		.global	icmp_input
 215              		.syntax unified
 216              		.thumb
 217              		.thumb_func
 219              	icmp_input:
 220              	.LVL16:
 221              	.LFB166:
  81:Middlewares/Third_Party/LwIP/src/core/ipv4/icmp.c ****   u8_t type;
 222              		.loc 1 81 1 is_stmt 1 view -0
 223              		.cfi_startproc
 224              		@ args = 0, pretend = 0, frame = 0
 225              		@ frame_needed = 0, uses_anonymous_args = 0
  81:Middlewares/Third_Party/LwIP/src/core/ipv4/icmp.c ****   u8_t type;
 226              		.loc 1 81 1 is_stmt 0 view .LVU54
 227 0000 2DE9F041 		push	{r4, r5, r6, r7, r8, lr}
 228              	.LCFI4:
 229              		.cfi_def_cfa_offset 24
 230              		.cfi_offset 4, -24
 231              		.cfi_offset 5, -20
 232              		.cfi_offset 6, -16
 233              		.cfi_offset 7, -12
 234              		.cfi_offset 8, -8
 235              		.cfi_offset 14, -4
 236 0004 84B0     		sub	sp, sp, #16
 237              	.LCFI5:
 238              		.cfi_def_cfa_offset 40
 239 0006 0546     		mov	r5, r0
  82:Middlewares/Third_Party/LwIP/src/core/ipv4/icmp.c **** #ifdef LWIP_DEBUG
 240              		.loc 1 82 3 is_stmt 1 view .LVU55
  86:Middlewares/Third_Party/LwIP/src/core/ipv4/icmp.c ****   const struct ip_hdr *iphdr_in;
 241              		.loc 1 86 3 view .LVU56
  87:Middlewares/Third_Party/LwIP/src/core/ipv4/icmp.c ****   u16_t hlen;
 242              		.loc 1 87 3 view .LVU57
  88:Middlewares/Third_Party/LwIP/src/core/ipv4/icmp.c ****   const ip4_addr_t *src;
 243              		.loc 1 88 3 view .LVU58
  89:Middlewares/Third_Party/LwIP/src/core/ipv4/icmp.c **** 
 244              		.loc 1 89 3 view .LVU59
  91:Middlewares/Third_Party/LwIP/src/core/ipv4/icmp.c ****   MIB2_STATS_INC(mib2.icmpinmsgs);
 245              		.loc 1 91 28 view .LVU60
  92:Middlewares/Third_Party/LwIP/src/core/ipv4/icmp.c **** 
 246              		.loc 1 92 34 view .LVU61
  94:Middlewares/Third_Party/LwIP/src/core/ipv4/icmp.c ****   hlen = IPH_HL_BYTES(iphdr_in);
 247              		.loc 1 94 3 view .LVU62
  94:Middlewares/Third_Party/LwIP/src/core/ipv4/icmp.c ****   hlen = IPH_HL_BYTES(iphdr_in);
 248              		.loc 1 94 12 is_stmt 0 view .LVU63
 249 0008 494B     		ldr	r3, .L28
 250 000a 9E68     		ldr	r6, [r3, #8]
 251              	.LVL17:
ARM GAS  /tmp/ccxBv7dm.s 			page 13


  95:Middlewares/Third_Party/LwIP/src/core/ipv4/icmp.c ****   if (hlen < IP_HLEN) {
 252              		.loc 1 95 3 is_stmt 1 view .LVU64
  95:Middlewares/Third_Party/LwIP/src/core/ipv4/icmp.c ****   if (hlen < IP_HLEN) {
 253              		.loc 1 95 10 is_stmt 0 view .LVU65
 254 000c 3478     		ldrb	r4, [r6]	@ zero_extendqisi2
 255 000e 04F00F04 		and	r4, r4, #15
 256 0012 A400     		lsls	r4, r4, #2
 257              	.LVL18:
  96:Middlewares/Third_Party/LwIP/src/core/ipv4/icmp.c ****     LWIP_DEBUGF(ICMP_DEBUG, ("icmp_input: short IP header (%"S16_F" bytes) received\n", hlen));
 258              		.loc 1 96 3 is_stmt 1 view .LVU66
  96:Middlewares/Third_Party/LwIP/src/core/ipv4/icmp.c ****     LWIP_DEBUGF(ICMP_DEBUG, ("icmp_input: short IP header (%"S16_F" bytes) received\n", hlen));
 259              		.loc 1 96 6 is_stmt 0 view .LVU67
 260 0014 132C     		cmp	r4, #19
 261 0016 15D9     		bls	.L11
 262 0018 0F46     		mov	r7, r1
 100:Middlewares/Third_Party/LwIP/src/core/ipv4/icmp.c ****     LWIP_DEBUGF(ICMP_DEBUG, ("icmp_input: short ICMP (%"U16_F" bytes) received\n", p->tot_len));
 263              		.loc 1 100 3 is_stmt 1 view .LVU68
 100:Middlewares/Third_Party/LwIP/src/core/ipv4/icmp.c ****     LWIP_DEBUGF(ICMP_DEBUG, ("icmp_input: short ICMP (%"U16_F" bytes) received\n", p->tot_len));
 264              		.loc 1 100 8 is_stmt 0 view .LVU69
 265 001a 4389     		ldrh	r3, [r0, #10]
 100:Middlewares/Third_Party/LwIP/src/core/ipv4/icmp.c ****     LWIP_DEBUGF(ICMP_DEBUG, ("icmp_input: short ICMP (%"U16_F" bytes) received\n", p->tot_len));
 266              		.loc 1 100 6 view .LVU70
 267 001c 032B     		cmp	r3, #3
 268 001e 11D9     		bls	.L11
 105:Middlewares/Third_Party/LwIP/src/core/ipv4/icmp.c **** #ifdef LWIP_DEBUG
 269              		.loc 1 105 3 is_stmt 1 view .LVU71
 105:Middlewares/Third_Party/LwIP/src/core/ipv4/icmp.c **** #ifdef LWIP_DEBUG
 270              		.loc 1 105 21 is_stmt 0 view .LVU72
 271 0020 4368     		ldr	r3, [r0, #4]
 105:Middlewares/Third_Party/LwIP/src/core/ipv4/icmp.c **** #ifdef LWIP_DEBUG
 272              		.loc 1 105 8 view .LVU73
 273 0022 1B78     		ldrb	r3, [r3]	@ zero_extendqisi2
 274              	.LVL19:
 111:Middlewares/Third_Party/LwIP/src/core/ipv4/icmp.c ****     case ICMP_ER:
 275              		.loc 1 111 3 is_stmt 1 view .LVU74
 276 0024 082B     		cmp	r3, #8
 277 0026 61D1     		bne	.L12
 118:Middlewares/Third_Party/LwIP/src/core/ipv4/icmp.c ****       src = ip4_current_dest_addr();
 278              		.loc 1 118 39 view .LVU75
 119:Middlewares/Third_Party/LwIP/src/core/ipv4/icmp.c ****       /* multicast destination address? */
 279              		.loc 1 119 7 view .LVU76
 280              	.LVL20:
 121:Middlewares/Third_Party/LwIP/src/core/ipv4/icmp.c **** #if LWIP_MULTICAST_PING
 281              		.loc 1 121 7 view .LVU77
 121:Middlewares/Third_Party/LwIP/src/core/ipv4/icmp.c **** #if LWIP_MULTICAST_PING
 282              		.loc 1 121 11 is_stmt 0 view .LVU78
 283 0028 414B     		ldr	r3, .L28
 284 002a 5869     		ldr	r0, [r3, #20]
 285              	.LVL21:
 121:Middlewares/Third_Party/LwIP/src/core/ipv4/icmp.c **** #if LWIP_MULTICAST_PING
 286              		.loc 1 121 11 view .LVU79
 287 002c 00F0F003 		and	r3, r0, #240
 121:Middlewares/Third_Party/LwIP/src/core/ipv4/icmp.c **** #if LWIP_MULTICAST_PING
 288              		.loc 1 121 10 view .LVU80
 289 0030 E02B     		cmp	r3, #224
 290 0032 1AD0     		beq	.L13
 131:Middlewares/Third_Party/LwIP/src/core/ipv4/icmp.c **** #if LWIP_BROADCAST_PING
ARM GAS  /tmp/ccxBv7dm.s 			page 14


 291              		.loc 1 131 7 is_stmt 1 view .LVU81
 131:Middlewares/Third_Party/LwIP/src/core/ipv4/icmp.c **** #if LWIP_BROADCAST_PING
 292              		.loc 1 131 11 is_stmt 0 view .LVU82
 293 0034 3E4B     		ldr	r3, .L28
 294 0036 1968     		ldr	r1, [r3]
 295              	.LVL22:
 131:Middlewares/Third_Party/LwIP/src/core/ipv4/icmp.c **** #if LWIP_BROADCAST_PING
 296              		.loc 1 131 11 view .LVU83
 297 0038 FFF7FEFF 		bl	ip4_addr_isbroadcast_u32
 298              	.LVL23:
 131:Middlewares/Third_Party/LwIP/src/core/ipv4/icmp.c **** #if LWIP_BROADCAST_PING
 299              		.loc 1 131 10 view .LVU84
 300 003c A8B9     		cbnz	r0, .L13
 140:Middlewares/Third_Party/LwIP/src/core/ipv4/icmp.c ****       if (p->tot_len < sizeof(struct icmp_echo_hdr)) {
 301              		.loc 1 140 54 is_stmt 1 view .LVU85
 141:Middlewares/Third_Party/LwIP/src/core/ipv4/icmp.c ****         LWIP_DEBUGF(ICMP_DEBUG, ("icmp_input: bad ICMP echo received\n"));
 302              		.loc 1 141 7 view .LVU86
 141:Middlewares/Third_Party/LwIP/src/core/ipv4/icmp.c ****         LWIP_DEBUGF(ICMP_DEBUG, ("icmp_input: bad ICMP echo received\n"));
 303              		.loc 1 141 12 is_stmt 0 view .LVU87
 304 003e 2B89     		ldrh	r3, [r5, #8]
 141:Middlewares/Third_Party/LwIP/src/core/ipv4/icmp.c ****         LWIP_DEBUGF(ICMP_DEBUG, ("icmp_input: bad ICMP echo received\n"));
 305              		.loc 1 141 10 view .LVU88
 306 0040 072B     		cmp	r3, #7
 307 0042 05D8     		bhi	.L21
 308              	.LVL24:
 309              	.L11:
 285:Middlewares/Third_Party/LwIP/src/core/ipv4/icmp.c ****   ICMP_STATS_INC(icmp.lenerr);
 310              		.loc 1 285 3 is_stmt 1 view .LVU89
 311 0044 2846     		mov	r0, r5
 312 0046 FFF7FEFF 		bl	pbuf_free
 313              	.LVL25:
 286:Middlewares/Third_Party/LwIP/src/core/ipv4/icmp.c ****   MIB2_STATS_INC(mib2.icmpinerrors);
 314              		.loc 1 286 30 view .LVU90
 287:Middlewares/Third_Party/LwIP/src/core/ipv4/icmp.c ****   return;
 315              		.loc 1 287 36 view .LVU91
 288:Middlewares/Third_Party/LwIP/src/core/ipv4/icmp.c **** #if LWIP_ICMP_ECHO_CHECK_INPUT_PBUF_LEN || !LWIP_MULTICAST_PING || !LWIP_BROADCAST_PING
 316              		.loc 1 288 3 view .LVU92
 317              	.L10:
 296:Middlewares/Third_Party/LwIP/src/core/ipv4/icmp.c **** 
 318              		.loc 1 296 1 is_stmt 0 view .LVU93
 319 004a 04B0     		add	sp, sp, #16
 320              	.LCFI6:
 321              		.cfi_remember_state
 322              		.cfi_def_cfa_offset 24
 323              		@ sp needed
 324 004c BDE8F081 		pop	{r4, r5, r6, r7, r8, pc}
 325              	.LVL26:
 326              	.L21:
 327              	.LCFI7:
 328              		.cfi_restore_state
 157:Middlewares/Third_Party/LwIP/src/core/ipv4/icmp.c ****         /* p is not big enough to contain link headers
 329              		.loc 1 157 7 is_stmt 1 view .LVU94
 157:Middlewares/Third_Party/LwIP/src/core/ipv4/icmp.c ****         /* p is not big enough to contain link headers
 330              		.loc 1 157 52 is_stmt 0 view .LVU95
 331 0050 04F10E08 		add	r8, r4, #14
 157:Middlewares/Third_Party/LwIP/src/core/ipv4/icmp.c ****         /* p is not big enough to contain link headers
 332              		.loc 1 157 11 view .LVU96
ARM GAS  /tmp/ccxBv7dm.s 			page 15


 333 0054 4146     		mov	r1, r8
 334 0056 2846     		mov	r0, r5
 335 0058 FFF7FEFF 		bl	pbuf_add_header
 336              	.LVL27:
 157:Middlewares/Third_Party/LwIP/src/core/ipv4/icmp.c ****         /* p is not big enough to contain link headers
 337              		.loc 1 157 10 view .LVU97
 338 005c 0028     		cmp	r0, #0
 339 005e 3AD0     		beq	.L14
 340              	.LBB2:
 161:Middlewares/Third_Party/LwIP/src/core/ipv4/icmp.c ****         u16_t alloc_len = (u16_t)(p->tot_len + hlen);
 341              		.loc 1 161 9 is_stmt 1 view .LVU98
 162:Middlewares/Third_Party/LwIP/src/core/ipv4/icmp.c ****         if (alloc_len < p->tot_len) {
 342              		.loc 1 162 9 view .LVU99
 162:Middlewares/Third_Party/LwIP/src/core/ipv4/icmp.c ****         if (alloc_len < p->tot_len) {
 343              		.loc 1 162 36 is_stmt 0 view .LVU100
 344 0060 2B89     		ldrh	r3, [r5, #8]
 162:Middlewares/Third_Party/LwIP/src/core/ipv4/icmp.c ****         if (alloc_len < p->tot_len) {
 345              		.loc 1 162 15 view .LVU101
 346 0062 1919     		adds	r1, r3, r4
 347 0064 89B2     		uxth	r1, r1
 348              	.LVL28:
 163:Middlewares/Third_Party/LwIP/src/core/ipv4/icmp.c ****           LWIP_DEBUGF(ICMP_DEBUG, ("icmp_input: allocating new pbuf failed (tot_len overflow)\n"));
 349              		.loc 1 163 9 is_stmt 1 view .LVU102
 163:Middlewares/Third_Party/LwIP/src/core/ipv4/icmp.c ****           LWIP_DEBUGF(ICMP_DEBUG, ("icmp_input: allocating new pbuf failed (tot_len overflow)\n"));
 350              		.loc 1 163 12 is_stmt 0 view .LVU103
 351 0066 8B42     		cmp	r3, r1
 352 0068 03D9     		bls	.L22
 353              	.LVL29:
 354              	.L13:
 163:Middlewares/Third_Party/LwIP/src/core/ipv4/icmp.c ****           LWIP_DEBUGF(ICMP_DEBUG, ("icmp_input: allocating new pbuf failed (tot_len overflow)\n"));
 355              		.loc 1 163 12 view .LVU104
 356              	.LBE2:
 291:Middlewares/Third_Party/LwIP/src/core/ipv4/icmp.c ****   ICMP_STATS_INC(icmp.err);
 357              		.loc 1 291 3 is_stmt 1 view .LVU105
 358 006a 2846     		mov	r0, r5
 359 006c FFF7FEFF 		bl	pbuf_free
 360              	.LVL30:
 292:Middlewares/Third_Party/LwIP/src/core/ipv4/icmp.c ****   MIB2_STATS_INC(mib2.icmpinerrors);
 361              		.loc 1 292 27 view .LVU106
 293:Middlewares/Third_Party/LwIP/src/core/ipv4/icmp.c ****   return;
 362              		.loc 1 293 36 view .LVU107
 294:Middlewares/Third_Party/LwIP/src/core/ipv4/icmp.c **** #endif /* LWIP_ICMP_ECHO_CHECK_INPUT_PBUF_LEN || !LWIP_MULTICAST_PING || !LWIP_BROADCAST_PING */
 363              		.loc 1 294 3 view .LVU108
 364 0070 EBE7     		b	.L10
 365              	.LVL31:
 366              	.L22:
 367              	.LBB3:
 168:Middlewares/Third_Party/LwIP/src/core/ipv4/icmp.c ****         if (r == NULL) {
 368              		.loc 1 168 9 view .LVU109
 168:Middlewares/Third_Party/LwIP/src/core/ipv4/icmp.c ****         if (r == NULL) {
 369              		.loc 1 168 13 is_stmt 0 view .LVU110
 370 0072 4FF42072 		mov	r2, #640
 371 0076 0E20     		movs	r0, #14
 372 0078 FFF7FEFF 		bl	pbuf_alloc
 373              	.LVL32:
 169:Middlewares/Third_Party/LwIP/src/core/ipv4/icmp.c ****           LWIP_DEBUGF(ICMP_DEBUG, ("icmp_input: allocating new pbuf failed\n"));
 374              		.loc 1 169 9 is_stmt 1 view .LVU111
ARM GAS  /tmp/ccxBv7dm.s 			page 16


 169:Middlewares/Third_Party/LwIP/src/core/ipv4/icmp.c ****           LWIP_DEBUGF(ICMP_DEBUG, ("icmp_input: allocating new pbuf failed\n"));
 375              		.loc 1 169 12 is_stmt 0 view .LVU112
 376 007c 8046     		mov	r8, r0
 377 007e 0028     		cmp	r0, #0
 378 0080 F3D0     		beq	.L13
 173:Middlewares/Third_Party/LwIP/src/core/ipv4/icmp.c ****           LWIP_DEBUGF(ICMP_DEBUG | LWIP_DBG_LEVEL_SERIOUS, ("first pbuf cannot hold the ICMP header
 379              		.loc 1 173 9 is_stmt 1 view .LVU113
 173:Middlewares/Third_Party/LwIP/src/core/ipv4/icmp.c ****           LWIP_DEBUGF(ICMP_DEBUG | LWIP_DBG_LEVEL_SERIOUS, ("first pbuf cannot hold the ICMP header
 380              		.loc 1 173 14 is_stmt 0 view .LVU114
 381 0082 4289     		ldrh	r2, [r0, #10]
 173:Middlewares/Third_Party/LwIP/src/core/ipv4/icmp.c ****           LWIP_DEBUGF(ICMP_DEBUG | LWIP_DBG_LEVEL_SERIOUS, ("first pbuf cannot hold the ICMP header
 382              		.loc 1 173 27 view .LVU115
 383 0084 04F10803 		add	r3, r4, #8
 173:Middlewares/Third_Party/LwIP/src/core/ipv4/icmp.c ****           LWIP_DEBUGF(ICMP_DEBUG | LWIP_DBG_LEVEL_SERIOUS, ("first pbuf cannot hold the ICMP header
 384              		.loc 1 173 12 view .LVU116
 385 0088 9A42     		cmp	r2, r3
 386 008a 13D3     		bcc	.L23
 179:Middlewares/Third_Party/LwIP/src/core/ipv4/icmp.c ****         /* switch r->payload back to icmp header (cannot fail) */
 387              		.loc 1 179 9 is_stmt 1 view .LVU117
 388 008c 2246     		mov	r2, r4
 389 008e 3146     		mov	r1, r6
 390 0090 4068     		ldr	r0, [r0, #4]
 391              	.LVL33:
 179:Middlewares/Third_Party/LwIP/src/core/ipv4/icmp.c ****         /* switch r->payload back to icmp header (cannot fail) */
 392              		.loc 1 179 9 is_stmt 0 view .LVU118
 393 0092 FFF7FEFF 		bl	memcpy
 394              	.LVL34:
 181:Middlewares/Third_Party/LwIP/src/core/ipv4/icmp.c ****           LWIP_ASSERT("icmp_input: moving r->payload to icmp header failed\n", 0);
 395              		.loc 1 181 9 is_stmt 1 view .LVU119
 181:Middlewares/Third_Party/LwIP/src/core/ipv4/icmp.c ****           LWIP_ASSERT("icmp_input: moving r->payload to icmp header failed\n", 0);
 396              		.loc 1 181 13 is_stmt 0 view .LVU120
 397 0096 2146     		mov	r1, r4
 398 0098 4046     		mov	r0, r8
 399 009a FFF7FEFF 		bl	pbuf_remove_header
 400              	.LVL35:
 181:Middlewares/Third_Party/LwIP/src/core/ipv4/icmp.c ****           LWIP_ASSERT("icmp_input: moving r->payload to icmp header failed\n", 0);
 401              		.loc 1 181 12 view .LVU121
 402 009e 60B9     		cbnz	r0, .L24
 187:Middlewares/Third_Party/LwIP/src/core/ipv4/icmp.c ****           LWIP_DEBUGF(ICMP_DEBUG | LWIP_DBG_LEVEL_SERIOUS, ("icmp_input: copying to new pbuf failed
 403              		.loc 1 187 9 is_stmt 1 view .LVU122
 187:Middlewares/Third_Party/LwIP/src/core/ipv4/icmp.c ****           LWIP_DEBUGF(ICMP_DEBUG | LWIP_DBG_LEVEL_SERIOUS, ("icmp_input: copying to new pbuf failed
 404              		.loc 1 187 13 is_stmt 0 view .LVU123
 405 00a0 2946     		mov	r1, r5
 406 00a2 4046     		mov	r0, r8
 407 00a4 FFF7FEFF 		bl	pbuf_copy
 408              	.LVL36:
 187:Middlewares/Third_Party/LwIP/src/core/ipv4/icmp.c ****           LWIP_DEBUGF(ICMP_DEBUG | LWIP_DBG_LEVEL_SERIOUS, ("icmp_input: copying to new pbuf failed
 409              		.loc 1 187 12 view .LVU124
 410 00a8 88B9     		cbnz	r0, .L25
 193:Middlewares/Third_Party/LwIP/src/core/ipv4/icmp.c ****         /* we now have an identical copy of p that has room for link headers */
 411              		.loc 1 193 9 is_stmt 1 view .LVU125
 412 00aa 2846     		mov	r0, r5
 413 00ac FFF7FEFF 		bl	pbuf_free
 414              	.LVL37:
 195:Middlewares/Third_Party/LwIP/src/core/ipv4/icmp.c ****       } else {
 415              		.loc 1 195 9 view .LVU126
 195:Middlewares/Third_Party/LwIP/src/core/ipv4/icmp.c ****       } else {
ARM GAS  /tmp/ccxBv7dm.s 			page 17


 416              		.loc 1 195 11 is_stmt 0 view .LVU127
 417 00b0 4546     		mov	r5, r8
 418              	.LBE3:
 419 00b2 15E0     		b	.L18
 420              	.LVL38:
 421              	.L23:
 422              	.LBB4:
 174:Middlewares/Third_Party/LwIP/src/core/ipv4/icmp.c ****           pbuf_free(r);
 423              		.loc 1 174 103 is_stmt 1 view .LVU128
 175:Middlewares/Third_Party/LwIP/src/core/ipv4/icmp.c ****           goto icmperr;
 424              		.loc 1 175 11 view .LVU129
 425 00b4 FFF7FEFF 		bl	pbuf_free
 426              	.LVL39:
 176:Middlewares/Third_Party/LwIP/src/core/ipv4/icmp.c ****         }
 427              		.loc 1 176 11 view .LVU130
 428 00b8 D7E7     		b	.L13
 429              	.L24:
 182:Middlewares/Third_Party/LwIP/src/core/ipv4/icmp.c ****           pbuf_free(r);
 430              		.loc 1 182 11 discriminator 1 view .LVU131
 182:Middlewares/Third_Party/LwIP/src/core/ipv4/icmp.c ****           pbuf_free(r);
 431              		.loc 1 182 11 discriminator 1 view .LVU132
 182:Middlewares/Third_Party/LwIP/src/core/ipv4/icmp.c ****           pbuf_free(r);
 432              		.loc 1 182 11 discriminator 1 view .LVU133
 182:Middlewares/Third_Party/LwIP/src/core/ipv4/icmp.c ****           pbuf_free(r);
 433              		.loc 1 182 11 discriminator 1 view .LVU134
 434 00ba 1E4B     		ldr	r3, .L28+4
 435 00bc B622     		movs	r2, #182
 436 00be 1E49     		ldr	r1, .L28+8
 437 00c0 1E48     		ldr	r0, .L28+12
 438 00c2 FFF7FEFF 		bl	printf
 439              	.LVL40:
 182:Middlewares/Third_Party/LwIP/src/core/ipv4/icmp.c ****           pbuf_free(r);
 440              		.loc 1 182 11 discriminator 1 view .LVU135
 182:Middlewares/Third_Party/LwIP/src/core/ipv4/icmp.c ****           pbuf_free(r);
 441              		.loc 1 182 11 discriminator 1 view .LVU136
 183:Middlewares/Third_Party/LwIP/src/core/ipv4/icmp.c ****           goto icmperr;
 442              		.loc 1 183 11 discriminator 1 view .LVU137
 443 00c6 4046     		mov	r0, r8
 444 00c8 FFF7FEFF 		bl	pbuf_free
 445              	.LVL41:
 184:Middlewares/Third_Party/LwIP/src/core/ipv4/icmp.c ****         }
 446              		.loc 1 184 11 discriminator 1 view .LVU138
 447 00cc CDE7     		b	.L13
 448              	.L25:
 188:Middlewares/Third_Party/LwIP/src/core/ipv4/icmp.c ****           pbuf_free(r);
 449              		.loc 1 188 103 view .LVU139
 189:Middlewares/Third_Party/LwIP/src/core/ipv4/icmp.c ****           goto icmperr;
 450              		.loc 1 189 11 view .LVU140
 451 00ce 4046     		mov	r0, r8
 452 00d0 FFF7FEFF 		bl	pbuf_free
 453              	.LVL42:
 190:Middlewares/Third_Party/LwIP/src/core/ipv4/icmp.c ****         }
 454              		.loc 1 190 11 view .LVU141
 455 00d4 C9E7     		b	.L13
 456              	.LVL43:
 457              	.L14:
 190:Middlewares/Third_Party/LwIP/src/core/ipv4/icmp.c ****         }
ARM GAS  /tmp/ccxBv7dm.s 			page 18


 458              		.loc 1 190 11 is_stmt 0 view .LVU142
 459              	.LBE4:
 198:Middlewares/Third_Party/LwIP/src/core/ipv4/icmp.c ****           LWIP_ASSERT("icmp_input: restoring original p->payload failed\n", 0);
 460              		.loc 1 198 9 is_stmt 1 view .LVU143
 198:Middlewares/Third_Party/LwIP/src/core/ipv4/icmp.c ****           LWIP_ASSERT("icmp_input: restoring original p->payload failed\n", 0);
 461              		.loc 1 198 13 is_stmt 0 view .LVU144
 462 00d6 4146     		mov	r1, r8
 463 00d8 2846     		mov	r0, r5
 464 00da FFF7FEFF 		bl	pbuf_remove_header
 465              	.LVL44:
 198:Middlewares/Third_Party/LwIP/src/core/ipv4/icmp.c ****           LWIP_ASSERT("icmp_input: restoring original p->payload failed\n", 0);
 466              		.loc 1 198 12 view .LVU145
 467 00de 48B9     		cbnz	r0, .L26
 468              	.L18:
 207:Middlewares/Third_Party/LwIP/src/core/ipv4/icmp.c ****       if (pbuf_add_header(p, hlen)) {
 469              		.loc 1 207 7 is_stmt 1 view .LVU146
 207:Middlewares/Third_Party/LwIP/src/core/ipv4/icmp.c ****       if (pbuf_add_header(p, hlen)) {
 470              		.loc 1 207 13 is_stmt 0 view .LVU147
 471 00e0 6E68     		ldr	r6, [r5, #4]
 472              	.LVL45:
 208:Middlewares/Third_Party/LwIP/src/core/ipv4/icmp.c ****         LWIP_DEBUGF(ICMP_DEBUG | LWIP_DBG_LEVEL_SERIOUS, ("Can't move over header in packet"));
 473              		.loc 1 208 7 is_stmt 1 view .LVU148
 208:Middlewares/Third_Party/LwIP/src/core/ipv4/icmp.c ****         LWIP_DEBUGF(ICMP_DEBUG | LWIP_DBG_LEVEL_SERIOUS, ("Can't move over header in packet"));
 474              		.loc 1 208 11 is_stmt 0 view .LVU149
 475 00e2 2146     		mov	r1, r4
 476 00e4 2846     		mov	r0, r5
 477 00e6 FFF7FEFF 		bl	pbuf_add_header
 478              	.LVL46:
 208:Middlewares/Third_Party/LwIP/src/core/ipv4/icmp.c ****         LWIP_DEBUGF(ICMP_DEBUG | LWIP_DBG_LEVEL_SERIOUS, ("Can't move over header in packet"));
 479              		.loc 1 208 10 view .LVU150
 480 00ea 50B1     		cbz	r0, .L27
 481              	.LVL47:
 482              	.L12:
 275:Middlewares/Third_Party/LwIP/src/core/ipv4/icmp.c ****       }
 483              		.loc 1 275 48 is_stmt 1 view .LVU151
 278:Middlewares/Third_Party/LwIP/src/core/ipv4/icmp.c ****       ICMP_STATS_INC(icmp.proterr);
 484              		.loc 1 278 58 view .LVU152
 279:Middlewares/Third_Party/LwIP/src/core/ipv4/icmp.c ****       ICMP_STATS_INC(icmp.drop);
 485              		.loc 1 279 35 view .LVU153
 280:Middlewares/Third_Party/LwIP/src/core/ipv4/icmp.c ****   }
 486              		.loc 1 280 32 view .LVU154
 282:Middlewares/Third_Party/LwIP/src/core/ipv4/icmp.c ****   return;
 487              		.loc 1 282 3 view .LVU155
 488 00ec 2846     		mov	r0, r5
 489 00ee FFF7FEFF 		bl	pbuf_free
 490              	.LVL48:
 283:Middlewares/Third_Party/LwIP/src/core/ipv4/icmp.c **** lenerr:
 491              		.loc 1 283 3 view .LVU156
 492 00f2 AAE7     		b	.L10
 493              	.LVL49:
 494              	.L26:
 199:Middlewares/Third_Party/LwIP/src/core/ipv4/icmp.c ****           goto icmperr;
 495              		.loc 1 199 11 discriminator 1 view .LVU157
 199:Middlewares/Third_Party/LwIP/src/core/ipv4/icmp.c ****           goto icmperr;
 496              		.loc 1 199 11 discriminator 1 view .LVU158
 199:Middlewares/Third_Party/LwIP/src/core/ipv4/icmp.c ****           goto icmperr;
 497              		.loc 1 199 11 discriminator 1 view .LVU159
ARM GAS  /tmp/ccxBv7dm.s 			page 19


 199:Middlewares/Third_Party/LwIP/src/core/ipv4/icmp.c ****           goto icmperr;
 498              		.loc 1 199 11 discriminator 1 view .LVU160
 499 00f4 0F4B     		ldr	r3, .L28+4
 500 00f6 C722     		movs	r2, #199
 501 00f8 1149     		ldr	r1, .L28+16
 502 00fa 1048     		ldr	r0, .L28+12
 503 00fc FFF7FEFF 		bl	printf
 504              	.LVL50:
 199:Middlewares/Third_Party/LwIP/src/core/ipv4/icmp.c ****           goto icmperr;
 505              		.loc 1 199 11 discriminator 1 view .LVU161
 199:Middlewares/Third_Party/LwIP/src/core/ipv4/icmp.c ****           goto icmperr;
 506              		.loc 1 199 11 discriminator 1 view .LVU162
 200:Middlewares/Third_Party/LwIP/src/core/ipv4/icmp.c ****         }
 507              		.loc 1 200 11 discriminator 1 view .LVU163
 508 0100 B3E7     		b	.L13
 509              	.LVL51:
 510              	.L27:
 511              	.LBB5:
 211:Middlewares/Third_Party/LwIP/src/core/ipv4/icmp.c ****         struct ip_hdr *iphdr = (struct ip_hdr *)p->payload;
 512              		.loc 1 211 9 view .LVU164
 212:Middlewares/Third_Party/LwIP/src/core/ipv4/icmp.c ****         ip4_addr_copy(iphdr->src, *src);
 513              		.loc 1 212 9 view .LVU165
 212:Middlewares/Third_Party/LwIP/src/core/ipv4/icmp.c ****         ip4_addr_copy(iphdr->src, *src);
 514              		.loc 1 212 24 is_stmt 0 view .LVU166
 515 0102 6868     		ldr	r0, [r5, #4]
 516              	.LVL52:
 213:Middlewares/Third_Party/LwIP/src/core/ipv4/icmp.c ****         ip4_addr_copy(iphdr->dest, *ip4_current_src_addr());
 517              		.loc 1 213 9 is_stmt 1 view .LVU167
 518 0104 0A49     		ldr	r1, .L28
 519 0106 4B69     		ldr	r3, [r1, #20]
 520 0108 C360     		str	r3, [r0, #12]	@ unaligned
 214:Middlewares/Third_Party/LwIP/src/core/ipv4/icmp.c ****         ICMPH_TYPE_SET(iecho, ICMP_ER);
 521              		.loc 1 214 9 view .LVU168
 522 010a 0B69     		ldr	r3, [r1, #16]
 523 010c 0361     		str	r3, [r0, #16]	@ unaligned
 215:Middlewares/Third_Party/LwIP/src/core/ipv4/icmp.c **** #if CHECKSUM_GEN_ICMP
 524              		.loc 1 215 9 view .LVU169
 525 010e 0022     		movs	r2, #0
 526 0110 3270     		strb	r2, [r6]
 231:Middlewares/Third_Party/LwIP/src/core/ipv4/icmp.c **** #endif /* CHECKSUM_GEN_ICMP */
 527              		.loc 1 231 9 view .LVU170
 231:Middlewares/Third_Party/LwIP/src/core/ipv4/icmp.c **** #endif /* CHECKSUM_GEN_ICMP */
 528              		.loc 1 231 23 is_stmt 0 view .LVU171
 529 0112 B270     		strb	r2, [r6, #2]
 530 0114 F270     		strb	r2, [r6, #3]
 235:Middlewares/Third_Party/LwIP/src/core/ipv4/icmp.c ****         IPH_CHKSUM_SET(iphdr, 0);
 531              		.loc 1 235 9 is_stmt 1 view .LVU172
 532 0116 FF23     		movs	r3, #255
 533 0118 0372     		strb	r3, [r0, #8]
 236:Middlewares/Third_Party/LwIP/src/core/ipv4/icmp.c **** #if CHECKSUM_GEN_IP
 534              		.loc 1 236 9 view .LVU173
 535 011a 8272     		strb	r2, [r0, #10]
 536 011c C272     		strb	r2, [r0, #11]
 243:Middlewares/Third_Party/LwIP/src/core/ipv4/icmp.c ****         /* increase number of messages attempted to send */
 537              		.loc 1 243 34 view .LVU174
 245:Middlewares/Third_Party/LwIP/src/core/ipv4/icmp.c ****         /* increase number of echo replies attempted to send */
 538              		.loc 1 245 41 view .LVU175
ARM GAS  /tmp/ccxBv7dm.s 			page 20


 247:Middlewares/Third_Party/LwIP/src/core/ipv4/icmp.c **** 
 539              		.loc 1 247 45 view .LVU176
 250:Middlewares/Third_Party/LwIP/src/core/ipv4/icmp.c ****                             ICMP_TTL, 0, IP_PROTO_ICMP, inp);
 540              		.loc 1 250 9 view .LVU177
 250:Middlewares/Third_Party/LwIP/src/core/ipv4/icmp.c ****                             ICMP_TTL, 0, IP_PROTO_ICMP, inp);
 541              		.loc 1 250 15 is_stmt 0 view .LVU178
 542 011e 0297     		str	r7, [sp, #8]
 543 0120 0120     		movs	r0, #1
 544              	.LVL53:
 250:Middlewares/Third_Party/LwIP/src/core/ipv4/icmp.c ****                             ICMP_TTL, 0, IP_PROTO_ICMP, inp);
 545              		.loc 1 250 15 view .LVU179
 546 0122 0190     		str	r0, [sp, #4]
 547 0124 0092     		str	r2, [sp]
 548 0126 1431     		adds	r1, r1, #20
 549 0128 2846     		mov	r0, r5
 550 012a FFF7FEFF 		bl	ip4_output_if
 551              	.LVL54:
 252:Middlewares/Third_Party/LwIP/src/core/ipv4/icmp.c ****           LWIP_DEBUGF(ICMP_DEBUG, ("icmp_input: ip_output_if returned an error: %s\n", lwip_strerr(
 552              		.loc 1 252 9 is_stmt 1 view .LVU180
 553 012e DDE7     		b	.L12
 554              	.L29:
 555              		.align	2
 556              	.L28:
 557 0130 00000000 		.word	ip_data
 558 0134 00000000 		.word	.LC0
 559 0138 00000000 		.word	.LC3
 560 013c 60000000 		.word	.LC2
 561 0140 38000000 		.word	.LC4
 562              	.LBE5:
 563              		.cfi_endproc
 564              	.LFE166:
 566              		.section	.text.icmp_dest_unreach,"ax",%progbits
 567              		.align	1
 568              		.global	icmp_dest_unreach
 569              		.syntax unified
 570              		.thumb
 571              		.thumb_func
 573              	icmp_dest_unreach:
 574              	.LVL55:
 575              	.LFB167:
 309:Middlewares/Third_Party/LwIP/src/core/ipv4/icmp.c ****   MIB2_STATS_INC(mib2.icmpoutdestunreachs);
 576              		.loc 1 309 1 view -0
 577              		.cfi_startproc
 578              		@ args = 0, pretend = 0, frame = 0
 579              		@ frame_needed = 0, uses_anonymous_args = 0
 309:Middlewares/Third_Party/LwIP/src/core/ipv4/icmp.c ****   MIB2_STATS_INC(mib2.icmpoutdestunreachs);
 580              		.loc 1 309 1 is_stmt 0 view .LVU182
 581 0000 08B5     		push	{r3, lr}
 582              	.LCFI8:
 583              		.cfi_def_cfa_offset 8
 584              		.cfi_offset 3, -8
 585              		.cfi_offset 14, -4
 586 0002 0A46     		mov	r2, r1
 310:Middlewares/Third_Party/LwIP/src/core/ipv4/icmp.c ****   icmp_send_response(p, ICMP_DUR, t);
 587              		.loc 1 310 43 is_stmt 1 view .LVU183
 311:Middlewares/Third_Party/LwIP/src/core/ipv4/icmp.c **** }
 588              		.loc 1 311 3 view .LVU184
ARM GAS  /tmp/ccxBv7dm.s 			page 21


 589 0004 0321     		movs	r1, #3
 590              	.LVL56:
 311:Middlewares/Third_Party/LwIP/src/core/ipv4/icmp.c **** }
 591              		.loc 1 311 3 is_stmt 0 view .LVU185
 592 0006 FFF7FEFF 		bl	icmp_send_response
 593              	.LVL57:
 312:Middlewares/Third_Party/LwIP/src/core/ipv4/icmp.c **** 
 594              		.loc 1 312 1 view .LVU186
 595 000a 08BD     		pop	{r3, pc}
 596              		.cfi_endproc
 597              	.LFE167:
 599              		.section	.text.icmp_time_exceeded,"ax",%progbits
 600              		.align	1
 601              		.global	icmp_time_exceeded
 602              		.syntax unified
 603              		.thumb
 604              		.thumb_func
 606              	icmp_time_exceeded:
 607              	.LVL58:
 608              	.LFB168:
 324:Middlewares/Third_Party/LwIP/src/core/ipv4/icmp.c ****   MIB2_STATS_INC(mib2.icmpouttimeexcds);
 609              		.loc 1 324 1 is_stmt 1 view -0
 610              		.cfi_startproc
 611              		@ args = 0, pretend = 0, frame = 0
 612              		@ frame_needed = 0, uses_anonymous_args = 0
 324:Middlewares/Third_Party/LwIP/src/core/ipv4/icmp.c ****   MIB2_STATS_INC(mib2.icmpouttimeexcds);
 613              		.loc 1 324 1 is_stmt 0 view .LVU188
 614 0000 08B5     		push	{r3, lr}
 615              	.LCFI9:
 616              		.cfi_def_cfa_offset 8
 617              		.cfi_offset 3, -8
 618              		.cfi_offset 14, -4
 619 0002 0A46     		mov	r2, r1
 325:Middlewares/Third_Party/LwIP/src/core/ipv4/icmp.c ****   icmp_send_response(p, ICMP_TE, t);
 620              		.loc 1 325 40 is_stmt 1 view .LVU189
 326:Middlewares/Third_Party/LwIP/src/core/ipv4/icmp.c **** }
 621              		.loc 1 326 3 view .LVU190
 622 0004 0B21     		movs	r1, #11
 623              	.LVL59:
 326:Middlewares/Third_Party/LwIP/src/core/ipv4/icmp.c **** }
 624              		.loc 1 326 3 is_stmt 0 view .LVU191
 625 0006 FFF7FEFF 		bl	icmp_send_response
 626              	.LVL60:
 327:Middlewares/Third_Party/LwIP/src/core/ipv4/icmp.c **** 
 627              		.loc 1 327 1 view .LVU192
 628 000a 08BD     		pop	{r3, pc}
 629              		.cfi_endproc
 630              	.LFE168:
 632              		.text
 633              	.Letext0:
 634              		.file 2 "/usr/lib/gcc/arm-none-eabi/12.2.1/include/stdint.h"
 635              		.file 3 "/usr/lib/gcc/arm-none-eabi/12.2.1/include/stddef.h"
 636              		.file 4 "Middlewares/Third_Party/LwIP/src/include/lwip/arch.h"
 637              		.file 5 "Middlewares/Third_Party/LwIP/src/include/lwip/err.h"
 638              		.file 6 "Middlewares/Third_Party/LwIP/src/include/lwip/pbuf.h"
 639              		.file 7 "Middlewares/Third_Party/LwIP/src/include/lwip/ip4_addr.h"
 640              		.file 8 "Middlewares/Third_Party/LwIP/src/include/lwip/ip_addr.h"
ARM GAS  /tmp/ccxBv7dm.s 			page 22


 641              		.file 9 "Middlewares/Third_Party/LwIP/src/include/lwip/netif.h"
 642              		.file 10 "Middlewares/Third_Party/LwIP/src/include/lwip/prot/icmp.h"
 643              		.file 11 "Middlewares/Third_Party/LwIP/src/include/lwip/icmp.h"
 644              		.file 12 "Middlewares/Third_Party/LwIP/src/include/lwip/prot/ip4.h"
 645              		.file 13 "Middlewares/Third_Party/LwIP/src/include/lwip/ip.h"
 646              		.file 14 "Middlewares/Third_Party/LwIP/src/include/lwip/ip4.h"
 647              		.file 15 "/usr/include/newlib/stdio.h"
 648              		.file 16 "/usr/include/newlib/string.h"
 649              		.file 17 "<built-in>"
ARM GAS  /tmp/ccxBv7dm.s 			page 23


DEFINED SYMBOLS
                            *ABS*:00000000 icmp.c
     /tmp/ccxBv7dm.s:20     .rodata.icmp_send_response.str1.4:00000000 $d
     /tmp/ccxBv7dm.s:30     .text.icmp_send_response:00000000 $t
     /tmp/ccxBv7dm.s:35     .text.icmp_send_response:00000000 icmp_send_response
     /tmp/ccxBv7dm.s:197    .text.icmp_send_response:0000009c $d
     /tmp/ccxBv7dm.s:204    .rodata.icmp_input.str1.4:00000000 $d
     /tmp/ccxBv7dm.s:213    .text.icmp_input:00000000 $t
     /tmp/ccxBv7dm.s:219    .text.icmp_input:00000000 icmp_input
     /tmp/ccxBv7dm.s:557    .text.icmp_input:00000130 $d
     /tmp/ccxBv7dm.s:567    .text.icmp_dest_unreach:00000000 $t
     /tmp/ccxBv7dm.s:573    .text.icmp_dest_unreach:00000000 icmp_dest_unreach
     /tmp/ccxBv7dm.s:600    .text.icmp_time_exceeded:00000000 $t
     /tmp/ccxBv7dm.s:606    .text.icmp_time_exceeded:00000000 icmp_time_exceeded

UNDEFINED SYMBOLS
pbuf_alloc
ip4_route
ip4_output_if
pbuf_free
printf
ip4_addr_isbroadcast_u32
pbuf_add_header
memcpy
pbuf_remove_header
pbuf_copy
ip_data
