ARM GAS  /tmp/ccbBwcj2.s 			page 1


   1              		.cpu cortex-m7
   2              		.arch armv7e-m
   3              		.fpu fpv5-d16
   4              		.eabi_attribute 28, 1
   5              		.eabi_attribute 20, 1
   6              		.eabi_attribute 21, 1
   7              		.eabi_attribute 23, 3
   8              		.eabi_attribute 24, 1
   9              		.eabi_attribute 25, 1
  10              		.eabi_attribute 26, 1
  11              		.eabi_attribute 30, 1
  12              		.eabi_attribute 34, 1
  13              		.eabi_attribute 18, 4
  14              		.file	"stm32f7xx_it.c"
  15              		.text
  16              	.Ltext0:
  17              		.cfi_sections	.debug_frame
  18              		.file 1 "Core/Src/stm32f7xx_it.c"
  19              		.section	.text.NMI_Handler,"ax",%progbits
  20              		.align	1
  21              		.global	NMI_Handler
  22              		.syntax unified
  23              		.thumb
  24              		.thumb_func
  26              	NMI_Handler:
  27              	.LFB141:
   1:Core/Src/stm32f7xx_it.c **** /* USER CODE BEGIN Header */
   2:Core/Src/stm32f7xx_it.c **** /**
   3:Core/Src/stm32f7xx_it.c ****   ******************************************************************************
   4:Core/Src/stm32f7xx_it.c ****   * @file    stm32f7xx_it.c
   5:Core/Src/stm32f7xx_it.c ****   * @brief   Interrupt Service Routines.
   6:Core/Src/stm32f7xx_it.c ****   ******************************************************************************
   7:Core/Src/stm32f7xx_it.c ****   * @attention
   8:Core/Src/stm32f7xx_it.c ****   *
   9:Core/Src/stm32f7xx_it.c ****   * <h2><center>&copy; Copyright (c) 2023 STMicroelectronics.
  10:Core/Src/stm32f7xx_it.c ****   * All rights reserved.</center></h2>
  11:Core/Src/stm32f7xx_it.c ****   *
  12:Core/Src/stm32f7xx_it.c ****   * This software component is licensed by ST under BSD 3-Clause license,
  13:Core/Src/stm32f7xx_it.c ****   * the "License"; You may not use this file except in compliance with the
  14:Core/Src/stm32f7xx_it.c ****   * License. You may obtain a copy of the License at:
  15:Core/Src/stm32f7xx_it.c ****   *                        opensource.org/licenses/BSD-3-Clause
  16:Core/Src/stm32f7xx_it.c ****   *
  17:Core/Src/stm32f7xx_it.c ****   ******************************************************************************
  18:Core/Src/stm32f7xx_it.c ****   */
  19:Core/Src/stm32f7xx_it.c **** /* USER CODE END Header */
  20:Core/Src/stm32f7xx_it.c **** 
  21:Core/Src/stm32f7xx_it.c **** /* Includes ------------------------------------------------------------------*/
  22:Core/Src/stm32f7xx_it.c **** #include "main.h"
  23:Core/Src/stm32f7xx_it.c **** #include "stm32f7xx_it.h"
  24:Core/Src/stm32f7xx_it.c **** /* Private includes ----------------------------------------------------------*/
  25:Core/Src/stm32f7xx_it.c **** /* USER CODE BEGIN Includes */
  26:Core/Src/stm32f7xx_it.c **** /* USER CODE END Includes */
  27:Core/Src/stm32f7xx_it.c **** 
  28:Core/Src/stm32f7xx_it.c **** /* Private typedef -----------------------------------------------------------*/
  29:Core/Src/stm32f7xx_it.c **** /* USER CODE BEGIN TD */
  30:Core/Src/stm32f7xx_it.c **** 
  31:Core/Src/stm32f7xx_it.c **** /* USER CODE END TD */
ARM GAS  /tmp/ccbBwcj2.s 			page 2


  32:Core/Src/stm32f7xx_it.c **** 
  33:Core/Src/stm32f7xx_it.c **** /* Private define ------------------------------------------------------------*/
  34:Core/Src/stm32f7xx_it.c **** /* USER CODE BEGIN PD */
  35:Core/Src/stm32f7xx_it.c **** 
  36:Core/Src/stm32f7xx_it.c **** /* USER CODE END PD */
  37:Core/Src/stm32f7xx_it.c **** 
  38:Core/Src/stm32f7xx_it.c **** /* Private macro -------------------------------------------------------------*/
  39:Core/Src/stm32f7xx_it.c **** /* USER CODE BEGIN PM */
  40:Core/Src/stm32f7xx_it.c **** 
  41:Core/Src/stm32f7xx_it.c **** /* USER CODE END PM */
  42:Core/Src/stm32f7xx_it.c **** 
  43:Core/Src/stm32f7xx_it.c **** /* Private variables ---------------------------------------------------------*/
  44:Core/Src/stm32f7xx_it.c **** /* USER CODE BEGIN PV */
  45:Core/Src/stm32f7xx_it.c **** 
  46:Core/Src/stm32f7xx_it.c **** /* USER CODE END PV */
  47:Core/Src/stm32f7xx_it.c **** 
  48:Core/Src/stm32f7xx_it.c **** /* Private function prototypes -----------------------------------------------*/
  49:Core/Src/stm32f7xx_it.c **** /* USER CODE BEGIN PFP */
  50:Core/Src/stm32f7xx_it.c **** 
  51:Core/Src/stm32f7xx_it.c **** /* USER CODE END PFP */
  52:Core/Src/stm32f7xx_it.c **** 
  53:Core/Src/stm32f7xx_it.c **** /* Private user code ---------------------------------------------------------*/
  54:Core/Src/stm32f7xx_it.c **** /* USER CODE BEGIN 0 */
  55:Core/Src/stm32f7xx_it.c **** 
  56:Core/Src/stm32f7xx_it.c **** /* USER CODE END 0 */
  57:Core/Src/stm32f7xx_it.c **** 
  58:Core/Src/stm32f7xx_it.c **** /* External variables --------------------------------------------------------*/
  59:Core/Src/stm32f7xx_it.c **** extern ETH_HandleTypeDef heth;
  60:Core/Src/stm32f7xx_it.c **** extern DMA_HandleTypeDef hdma_adc1;
  61:Core/Src/stm32f7xx_it.c **** extern DMA_HandleTypeDef hdma_adc2;
  62:Core/Src/stm32f7xx_it.c **** extern ADC_HandleTypeDef hadc1;
  63:Core/Src/stm32f7xx_it.c **** extern ADC_HandleTypeDef hadc2;
  64:Core/Src/stm32f7xx_it.c **** extern TIM_HandleTypeDef htim1;
  65:Core/Src/stm32f7xx_it.c **** /* USER CODE BEGIN EV */
  66:Core/Src/stm32f7xx_it.c **** 
  67:Core/Src/stm32f7xx_it.c **** /* USER CODE END EV */
  68:Core/Src/stm32f7xx_it.c **** 
  69:Core/Src/stm32f7xx_it.c **** /******************************************************************************/
  70:Core/Src/stm32f7xx_it.c **** /*           Cortex-M7 Processor Interruption and Exception Handlers          */
  71:Core/Src/stm32f7xx_it.c **** /******************************************************************************/
  72:Core/Src/stm32f7xx_it.c **** /**
  73:Core/Src/stm32f7xx_it.c ****   * @brief This function handles Non maskable interrupt.
  74:Core/Src/stm32f7xx_it.c ****   */
  75:Core/Src/stm32f7xx_it.c **** void NMI_Handler(void)
  76:Core/Src/stm32f7xx_it.c **** {
  28              		.loc 1 76 1 view -0
  29              		.cfi_startproc
  30              		@ Volatile: function does not return.
  31              		@ args = 0, pretend = 0, frame = 0
  32              		@ frame_needed = 0, uses_anonymous_args = 0
  33              		@ link register save eliminated.
  34              	.L2:
  77:Core/Src/stm32f7xx_it.c ****   /* USER CODE BEGIN NonMaskableInt_IRQn 0 */
  78:Core/Src/stm32f7xx_it.c **** 
  79:Core/Src/stm32f7xx_it.c ****   /* USER CODE END NonMaskableInt_IRQn 0 */
  80:Core/Src/stm32f7xx_it.c ****   /* USER CODE BEGIN NonMaskableInt_IRQn 1 */
  81:Core/Src/stm32f7xx_it.c ****   while (1)
ARM GAS  /tmp/ccbBwcj2.s 			page 3


  35              		.loc 1 81 3 discriminator 1 view .LVU1
  82:Core/Src/stm32f7xx_it.c ****   {
  83:Core/Src/stm32f7xx_it.c ****   }
  36              		.loc 1 83 3 discriminator 1 view .LVU2
  81:Core/Src/stm32f7xx_it.c ****   {
  37              		.loc 1 81 9 discriminator 1 view .LVU3
  38 0000 FEE7     		b	.L2
  39              		.cfi_endproc
  40              	.LFE141:
  42              		.section	.text.HardFault_Handler,"ax",%progbits
  43              		.align	1
  44              		.global	HardFault_Handler
  45              		.syntax unified
  46              		.thumb
  47              		.thumb_func
  49              	HardFault_Handler:
  50              	.LFB142:
  84:Core/Src/stm32f7xx_it.c ****   /* USER CODE END NonMaskableInt_IRQn 1 */
  85:Core/Src/stm32f7xx_it.c **** }
  86:Core/Src/stm32f7xx_it.c **** 
  87:Core/Src/stm32f7xx_it.c **** /**
  88:Core/Src/stm32f7xx_it.c ****   * @brief This function handles Hard fault interrupt.
  89:Core/Src/stm32f7xx_it.c ****   */
  90:Core/Src/stm32f7xx_it.c **** void HardFault_Handler(void)
  91:Core/Src/stm32f7xx_it.c **** {
  51              		.loc 1 91 1 view -0
  52              		.cfi_startproc
  53              		@ Volatile: function does not return.
  54              		@ args = 0, pretend = 0, frame = 0
  55              		@ frame_needed = 0, uses_anonymous_args = 0
  56              		@ link register save eliminated.
  57              	.L4:
  92:Core/Src/stm32f7xx_it.c ****   /* USER CODE BEGIN HardFault_IRQn 0 */
  93:Core/Src/stm32f7xx_it.c **** 
  94:Core/Src/stm32f7xx_it.c ****   /* USER CODE END HardFault_IRQn 0 */
  95:Core/Src/stm32f7xx_it.c ****   while (1)
  58              		.loc 1 95 3 discriminator 1 view .LVU5
  96:Core/Src/stm32f7xx_it.c ****   {
  97:Core/Src/stm32f7xx_it.c ****     /* USER CODE BEGIN W1_HardFault_IRQn 0 */
  98:Core/Src/stm32f7xx_it.c ****     /* USER CODE END W1_HardFault_IRQn 0 */
  99:Core/Src/stm32f7xx_it.c ****   }
  59              		.loc 1 99 3 discriminator 1 view .LVU6
  95:Core/Src/stm32f7xx_it.c ****   {
  60              		.loc 1 95 9 discriminator 1 view .LVU7
  61 0000 FEE7     		b	.L4
  62              		.cfi_endproc
  63              	.LFE142:
  65              		.section	.text.MemManage_Handler,"ax",%progbits
  66              		.align	1
  67              		.global	MemManage_Handler
  68              		.syntax unified
  69              		.thumb
  70              		.thumb_func
  72              	MemManage_Handler:
  73              	.LFB143:
 100:Core/Src/stm32f7xx_it.c **** }
 101:Core/Src/stm32f7xx_it.c **** 
ARM GAS  /tmp/ccbBwcj2.s 			page 4


 102:Core/Src/stm32f7xx_it.c **** /**
 103:Core/Src/stm32f7xx_it.c ****   * @brief This function handles Memory management fault.
 104:Core/Src/stm32f7xx_it.c ****   */
 105:Core/Src/stm32f7xx_it.c **** void MemManage_Handler(void)
 106:Core/Src/stm32f7xx_it.c **** {
  74              		.loc 1 106 1 view -0
  75              		.cfi_startproc
  76              		@ Volatile: function does not return.
  77              		@ args = 0, pretend = 0, frame = 0
  78              		@ frame_needed = 0, uses_anonymous_args = 0
  79              		@ link register save eliminated.
  80              	.L6:
 107:Core/Src/stm32f7xx_it.c ****   /* USER CODE BEGIN MemoryManagement_IRQn 0 */
 108:Core/Src/stm32f7xx_it.c **** 
 109:Core/Src/stm32f7xx_it.c ****   /* USER CODE END MemoryManagement_IRQn 0 */
 110:Core/Src/stm32f7xx_it.c ****   while (1)
  81              		.loc 1 110 3 discriminator 1 view .LVU9
 111:Core/Src/stm32f7xx_it.c ****   {
 112:Core/Src/stm32f7xx_it.c ****     /* USER CODE BEGIN W1_MemoryManagement_IRQn 0 */
 113:Core/Src/stm32f7xx_it.c ****     /* USER CODE END W1_MemoryManagement_IRQn 0 */
 114:Core/Src/stm32f7xx_it.c ****   }
  82              		.loc 1 114 3 discriminator 1 view .LVU10
 110:Core/Src/stm32f7xx_it.c ****   {
  83              		.loc 1 110 9 discriminator 1 view .LVU11
  84 0000 FEE7     		b	.L6
  85              		.cfi_endproc
  86              	.LFE143:
  88              		.section	.text.BusFault_Handler,"ax",%progbits
  89              		.align	1
  90              		.global	BusFault_Handler
  91              		.syntax unified
  92              		.thumb
  93              		.thumb_func
  95              	BusFault_Handler:
  96              	.LFB144:
 115:Core/Src/stm32f7xx_it.c **** }
 116:Core/Src/stm32f7xx_it.c **** 
 117:Core/Src/stm32f7xx_it.c **** /**
 118:Core/Src/stm32f7xx_it.c ****   * @brief This function handles Pre-fetch fault, memory access fault.
 119:Core/Src/stm32f7xx_it.c ****   */
 120:Core/Src/stm32f7xx_it.c **** void BusFault_Handler(void)
 121:Core/Src/stm32f7xx_it.c **** {
  97              		.loc 1 121 1 view -0
  98              		.cfi_startproc
  99              		@ Volatile: function does not return.
 100              		@ args = 0, pretend = 0, frame = 0
 101              		@ frame_needed = 0, uses_anonymous_args = 0
 102              		@ link register save eliminated.
 103              	.L8:
 122:Core/Src/stm32f7xx_it.c ****   /* USER CODE BEGIN BusFault_IRQn 0 */
 123:Core/Src/stm32f7xx_it.c **** 
 124:Core/Src/stm32f7xx_it.c ****   /* USER CODE END BusFault_IRQn 0 */
 125:Core/Src/stm32f7xx_it.c ****   while (1)
 104              		.loc 1 125 3 discriminator 1 view .LVU13
 126:Core/Src/stm32f7xx_it.c ****   {
 127:Core/Src/stm32f7xx_it.c ****     /* USER CODE BEGIN W1_BusFault_IRQn 0 */
 128:Core/Src/stm32f7xx_it.c ****     /* USER CODE END W1_BusFault_IRQn 0 */
ARM GAS  /tmp/ccbBwcj2.s 			page 5


 129:Core/Src/stm32f7xx_it.c ****   }
 105              		.loc 1 129 3 discriminator 1 view .LVU14
 125:Core/Src/stm32f7xx_it.c ****   {
 106              		.loc 1 125 9 discriminator 1 view .LVU15
 107 0000 FEE7     		b	.L8
 108              		.cfi_endproc
 109              	.LFE144:
 111              		.section	.text.UsageFault_Handler,"ax",%progbits
 112              		.align	1
 113              		.global	UsageFault_Handler
 114              		.syntax unified
 115              		.thumb
 116              		.thumb_func
 118              	UsageFault_Handler:
 119              	.LFB145:
 130:Core/Src/stm32f7xx_it.c **** }
 131:Core/Src/stm32f7xx_it.c **** 
 132:Core/Src/stm32f7xx_it.c **** /**
 133:Core/Src/stm32f7xx_it.c ****   * @brief This function handles Undefined instruction or illegal state.
 134:Core/Src/stm32f7xx_it.c ****   */
 135:Core/Src/stm32f7xx_it.c **** void UsageFault_Handler(void)
 136:Core/Src/stm32f7xx_it.c **** {
 120              		.loc 1 136 1 view -0
 121              		.cfi_startproc
 122              		@ Volatile: function does not return.
 123              		@ args = 0, pretend = 0, frame = 0
 124              		@ frame_needed = 0, uses_anonymous_args = 0
 125              		@ link register save eliminated.
 126              	.L10:
 137:Core/Src/stm32f7xx_it.c ****   /* USER CODE BEGIN UsageFault_IRQn 0 */
 138:Core/Src/stm32f7xx_it.c **** 
 139:Core/Src/stm32f7xx_it.c ****   /* USER CODE END UsageFault_IRQn 0 */
 140:Core/Src/stm32f7xx_it.c ****   while (1)
 127              		.loc 1 140 3 discriminator 1 view .LVU17
 141:Core/Src/stm32f7xx_it.c ****   {
 142:Core/Src/stm32f7xx_it.c ****     /* USER CODE BEGIN W1_UsageFault_IRQn 0 */
 143:Core/Src/stm32f7xx_it.c ****     /* USER CODE END W1_UsageFault_IRQn 0 */
 144:Core/Src/stm32f7xx_it.c ****   }
 128              		.loc 1 144 3 discriminator 1 view .LVU18
 140:Core/Src/stm32f7xx_it.c ****   {
 129              		.loc 1 140 9 discriminator 1 view .LVU19
 130 0000 FEE7     		b	.L10
 131              		.cfi_endproc
 132              	.LFE145:
 134              		.section	.text.SVC_Handler,"ax",%progbits
 135              		.align	1
 136              		.global	SVC_Handler
 137              		.syntax unified
 138              		.thumb
 139              		.thumb_func
 141              	SVC_Handler:
 142              	.LFB146:
 145:Core/Src/stm32f7xx_it.c **** }
 146:Core/Src/stm32f7xx_it.c **** 
 147:Core/Src/stm32f7xx_it.c **** /**
 148:Core/Src/stm32f7xx_it.c ****   * @brief This function handles System service call via SWI instruction.
 149:Core/Src/stm32f7xx_it.c ****   */
ARM GAS  /tmp/ccbBwcj2.s 			page 6


 150:Core/Src/stm32f7xx_it.c **** void SVC_Handler(void)
 151:Core/Src/stm32f7xx_it.c **** {
 143              		.loc 1 151 1 view -0
 144              		.cfi_startproc
 145              		@ args = 0, pretend = 0, frame = 0
 146              		@ frame_needed = 0, uses_anonymous_args = 0
 147              		@ link register save eliminated.
 152:Core/Src/stm32f7xx_it.c ****   /* USER CODE BEGIN SVCall_IRQn 0 */
 153:Core/Src/stm32f7xx_it.c **** 
 154:Core/Src/stm32f7xx_it.c ****   /* USER CODE END SVCall_IRQn 0 */
 155:Core/Src/stm32f7xx_it.c ****   /* USER CODE BEGIN SVCall_IRQn 1 */
 156:Core/Src/stm32f7xx_it.c **** 
 157:Core/Src/stm32f7xx_it.c ****   /* USER CODE END SVCall_IRQn 1 */
 158:Core/Src/stm32f7xx_it.c **** }
 148              		.loc 1 158 1 view .LVU21
 149 0000 7047     		bx	lr
 150              		.cfi_endproc
 151              	.LFE146:
 153              		.section	.text.DebugMon_Handler,"ax",%progbits
 154              		.align	1
 155              		.global	DebugMon_Handler
 156              		.syntax unified
 157              		.thumb
 158              		.thumb_func
 160              	DebugMon_Handler:
 161              	.LFB147:
 159:Core/Src/stm32f7xx_it.c **** 
 160:Core/Src/stm32f7xx_it.c **** /**
 161:Core/Src/stm32f7xx_it.c ****   * @brief This function handles Debug monitor.
 162:Core/Src/stm32f7xx_it.c ****   */
 163:Core/Src/stm32f7xx_it.c **** void DebugMon_Handler(void)
 164:Core/Src/stm32f7xx_it.c **** {
 162              		.loc 1 164 1 view -0
 163              		.cfi_startproc
 164              		@ args = 0, pretend = 0, frame = 0
 165              		@ frame_needed = 0, uses_anonymous_args = 0
 166              		@ link register save eliminated.
 165:Core/Src/stm32f7xx_it.c ****   /* USER CODE BEGIN DebugMonitor_IRQn 0 */
 166:Core/Src/stm32f7xx_it.c **** 
 167:Core/Src/stm32f7xx_it.c ****   /* USER CODE END DebugMonitor_IRQn 0 */
 168:Core/Src/stm32f7xx_it.c ****   /* USER CODE BEGIN DebugMonitor_IRQn 1 */
 169:Core/Src/stm32f7xx_it.c **** 
 170:Core/Src/stm32f7xx_it.c ****   /* USER CODE END DebugMonitor_IRQn 1 */
 171:Core/Src/stm32f7xx_it.c **** }
 167              		.loc 1 171 1 view .LVU23
 168 0000 7047     		bx	lr
 169              		.cfi_endproc
 170              	.LFE147:
 172              		.section	.text.PendSV_Handler,"ax",%progbits
 173              		.align	1
 174              		.global	PendSV_Handler
 175              		.syntax unified
 176              		.thumb
 177              		.thumb_func
 179              	PendSV_Handler:
 180              	.LFB148:
 172:Core/Src/stm32f7xx_it.c **** 
ARM GAS  /tmp/ccbBwcj2.s 			page 7


 173:Core/Src/stm32f7xx_it.c **** /**
 174:Core/Src/stm32f7xx_it.c ****   * @brief This function handles Pendable request for system service.
 175:Core/Src/stm32f7xx_it.c ****   */
 176:Core/Src/stm32f7xx_it.c **** void PendSV_Handler(void)
 177:Core/Src/stm32f7xx_it.c **** {
 181              		.loc 1 177 1 view -0
 182              		.cfi_startproc
 183              		@ args = 0, pretend = 0, frame = 0
 184              		@ frame_needed = 0, uses_anonymous_args = 0
 185              		@ link register save eliminated.
 178:Core/Src/stm32f7xx_it.c ****   /* USER CODE BEGIN PendSV_IRQn 0 */
 179:Core/Src/stm32f7xx_it.c **** 
 180:Core/Src/stm32f7xx_it.c ****   /* USER CODE END PendSV_IRQn 0 */
 181:Core/Src/stm32f7xx_it.c ****   /* USER CODE BEGIN PendSV_IRQn 1 */
 182:Core/Src/stm32f7xx_it.c **** 
 183:Core/Src/stm32f7xx_it.c ****   /* USER CODE END PendSV_IRQn 1 */
 184:Core/Src/stm32f7xx_it.c **** }
 186              		.loc 1 184 1 view .LVU25
 187 0000 7047     		bx	lr
 188              		.cfi_endproc
 189              	.LFE148:
 191              		.section	.text.SysTick_Handler,"ax",%progbits
 192              		.align	1
 193              		.global	SysTick_Handler
 194              		.syntax unified
 195              		.thumb
 196              		.thumb_func
 198              	SysTick_Handler:
 199              	.LFB149:
 185:Core/Src/stm32f7xx_it.c **** 
 186:Core/Src/stm32f7xx_it.c **** /**
 187:Core/Src/stm32f7xx_it.c ****   * @brief This function handles System tick timer.
 188:Core/Src/stm32f7xx_it.c ****   */
 189:Core/Src/stm32f7xx_it.c **** void SysTick_Handler(void)
 190:Core/Src/stm32f7xx_it.c **** {
 200              		.loc 1 190 1 view -0
 201              		.cfi_startproc
 202              		@ args = 0, pretend = 0, frame = 0
 203              		@ frame_needed = 0, uses_anonymous_args = 0
 204 0000 08B5     		push	{r3, lr}
 205              	.LCFI0:
 206              		.cfi_def_cfa_offset 8
 207              		.cfi_offset 3, -8
 208              		.cfi_offset 14, -4
 191:Core/Src/stm32f7xx_it.c ****   /* USER CODE BEGIN SysTick_IRQn 0 */
 192:Core/Src/stm32f7xx_it.c **** 
 193:Core/Src/stm32f7xx_it.c ****   /* USER CODE END SysTick_IRQn 0 */
 194:Core/Src/stm32f7xx_it.c ****   HAL_IncTick();
 209              		.loc 1 194 3 view .LVU27
 210 0002 FFF7FEFF 		bl	HAL_IncTick
 211              	.LVL0:
 195:Core/Src/stm32f7xx_it.c ****   /* USER CODE BEGIN SysTick_IRQn 1 */
 196:Core/Src/stm32f7xx_it.c **** 
 197:Core/Src/stm32f7xx_it.c ****   /* USER CODE END SysTick_IRQn 1 */
 198:Core/Src/stm32f7xx_it.c **** }
 212              		.loc 1 198 1 is_stmt 0 view .LVU28
 213 0006 08BD     		pop	{r3, pc}
ARM GAS  /tmp/ccbBwcj2.s 			page 8


 214              		.cfi_endproc
 215              	.LFE149:
 217              		.section	.text.ADC_IRQHandler,"ax",%progbits
 218              		.align	1
 219              		.global	ADC_IRQHandler
 220              		.syntax unified
 221              		.thumb
 222              		.thumb_func
 224              	ADC_IRQHandler:
 225              	.LFB150:
 199:Core/Src/stm32f7xx_it.c **** 
 200:Core/Src/stm32f7xx_it.c **** /******************************************************************************/
 201:Core/Src/stm32f7xx_it.c **** /* STM32F7xx Peripheral Interrupt Handlers                                    */
 202:Core/Src/stm32f7xx_it.c **** /* Add here the Interrupt Handlers for the used peripherals.                  */
 203:Core/Src/stm32f7xx_it.c **** /* For the available peripheral interrupt handler names,                      */
 204:Core/Src/stm32f7xx_it.c **** /* please refer to the startup file (startup_stm32f7xx.s).                    */
 205:Core/Src/stm32f7xx_it.c **** /******************************************************************************/
 206:Core/Src/stm32f7xx_it.c **** 
 207:Core/Src/stm32f7xx_it.c **** /**
 208:Core/Src/stm32f7xx_it.c ****   * @brief This function handles ADC1, ADC2 and ADC3 global interrupts.
 209:Core/Src/stm32f7xx_it.c ****   */
 210:Core/Src/stm32f7xx_it.c **** void ADC_IRQHandler(void)
 211:Core/Src/stm32f7xx_it.c **** {
 226              		.loc 1 211 1 is_stmt 1 view -0
 227              		.cfi_startproc
 228              		@ args = 0, pretend = 0, frame = 0
 229              		@ frame_needed = 0, uses_anonymous_args = 0
 230 0000 08B5     		push	{r3, lr}
 231              	.LCFI1:
 232              		.cfi_def_cfa_offset 8
 233              		.cfi_offset 3, -8
 234              		.cfi_offset 14, -4
 212:Core/Src/stm32f7xx_it.c ****   /* USER CODE BEGIN ADC_IRQn 0 */
 213:Core/Src/stm32f7xx_it.c **** 
 214:Core/Src/stm32f7xx_it.c ****   /* USER CODE END ADC_IRQn 0 */
 215:Core/Src/stm32f7xx_it.c ****   HAL_ADC_IRQHandler(&hadc1);
 235              		.loc 1 215 3 view .LVU30
 236 0002 0348     		ldr	r0, .L18
 237 0004 FFF7FEFF 		bl	HAL_ADC_IRQHandler
 238              	.LVL1:
 216:Core/Src/stm32f7xx_it.c ****   HAL_ADC_IRQHandler(&hadc2);
 239              		.loc 1 216 3 view .LVU31
 240 0008 0248     		ldr	r0, .L18+4
 241 000a FFF7FEFF 		bl	HAL_ADC_IRQHandler
 242              	.LVL2:
 217:Core/Src/stm32f7xx_it.c ****   /* USER CODE BEGIN ADC_IRQn 1 */
 218:Core/Src/stm32f7xx_it.c **** 
 219:Core/Src/stm32f7xx_it.c ****   /* USER CODE END ADC_IRQn 1 */
 220:Core/Src/stm32f7xx_it.c **** }
 243              		.loc 1 220 1 is_stmt 0 view .LVU32
 244 000e 08BD     		pop	{r3, pc}
 245              	.L19:
 246              		.align	2
 247              	.L18:
 248 0010 00000000 		.word	hadc1
 249 0014 00000000 		.word	hadc2
 250              		.cfi_endproc
ARM GAS  /tmp/ccbBwcj2.s 			page 9


 251              	.LFE150:
 253              		.section	.text.TIM1_BRK_TIM9_IRQHandler,"ax",%progbits
 254              		.align	1
 255              		.global	TIM1_BRK_TIM9_IRQHandler
 256              		.syntax unified
 257              		.thumb
 258              		.thumb_func
 260              	TIM1_BRK_TIM9_IRQHandler:
 261              	.LFB151:
 221:Core/Src/stm32f7xx_it.c **** 
 222:Core/Src/stm32f7xx_it.c **** /**
 223:Core/Src/stm32f7xx_it.c ****   * @brief This function handles TIM1 break interrupt and TIM9 global interrupt.
 224:Core/Src/stm32f7xx_it.c ****   */
 225:Core/Src/stm32f7xx_it.c **** void TIM1_BRK_TIM9_IRQHandler(void)
 226:Core/Src/stm32f7xx_it.c **** {
 262              		.loc 1 226 1 is_stmt 1 view -0
 263              		.cfi_startproc
 264              		@ args = 0, pretend = 0, frame = 0
 265              		@ frame_needed = 0, uses_anonymous_args = 0
 266 0000 08B5     		push	{r3, lr}
 267              	.LCFI2:
 268              		.cfi_def_cfa_offset 8
 269              		.cfi_offset 3, -8
 270              		.cfi_offset 14, -4
 227:Core/Src/stm32f7xx_it.c ****   /* USER CODE BEGIN TIM1_BRK_TIM9_IRQn 0 */
 228:Core/Src/stm32f7xx_it.c **** 
 229:Core/Src/stm32f7xx_it.c ****   /* USER CODE END TIM1_BRK_TIM9_IRQn 0 */
 230:Core/Src/stm32f7xx_it.c ****   HAL_TIM_IRQHandler(&htim1);
 271              		.loc 1 230 3 view .LVU34
 272 0002 0248     		ldr	r0, .L22
 273 0004 FFF7FEFF 		bl	HAL_TIM_IRQHandler
 274              	.LVL3:
 231:Core/Src/stm32f7xx_it.c ****   /* USER CODE BEGIN TIM1_BRK_TIM9_IRQn 1 */
 232:Core/Src/stm32f7xx_it.c **** 
 233:Core/Src/stm32f7xx_it.c ****   /* USER CODE END TIM1_BRK_TIM9_IRQn 1 */
 234:Core/Src/stm32f7xx_it.c **** }
 275              		.loc 1 234 1 is_stmt 0 view .LVU35
 276 0008 08BD     		pop	{r3, pc}
 277              	.L23:
 278 000a 00BF     		.align	2
 279              	.L22:
 280 000c 00000000 		.word	htim1
 281              		.cfi_endproc
 282              	.LFE151:
 284              		.section	.text.TIM1_UP_TIM10_IRQHandler,"ax",%progbits
 285              		.align	1
 286              		.global	TIM1_UP_TIM10_IRQHandler
 287              		.syntax unified
 288              		.thumb
 289              		.thumb_func
 291              	TIM1_UP_TIM10_IRQHandler:
 292              	.LFB152:
 235:Core/Src/stm32f7xx_it.c **** 
 236:Core/Src/stm32f7xx_it.c **** /**
 237:Core/Src/stm32f7xx_it.c ****   * @brief This function handles TIM1 update interrupt and TIM10 global interrupt.
 238:Core/Src/stm32f7xx_it.c ****   */
 239:Core/Src/stm32f7xx_it.c **** void TIM1_UP_TIM10_IRQHandler(void)
ARM GAS  /tmp/ccbBwcj2.s 			page 10


 240:Core/Src/stm32f7xx_it.c **** {
 293              		.loc 1 240 1 is_stmt 1 view -0
 294              		.cfi_startproc
 295              		@ args = 0, pretend = 0, frame = 0
 296              		@ frame_needed = 0, uses_anonymous_args = 0
 297 0000 08B5     		push	{r3, lr}
 298              	.LCFI3:
 299              		.cfi_def_cfa_offset 8
 300              		.cfi_offset 3, -8
 301              		.cfi_offset 14, -4
 241:Core/Src/stm32f7xx_it.c ****   /* USER CODE BEGIN TIM1_UP_TIM10_IRQn 0 */
 242:Core/Src/stm32f7xx_it.c **** 
 243:Core/Src/stm32f7xx_it.c ****   /* USER CODE END TIM1_UP_TIM10_IRQn 0 */
 244:Core/Src/stm32f7xx_it.c ****   HAL_TIM_IRQHandler(&htim1);
 302              		.loc 1 244 3 view .LVU37
 303 0002 0248     		ldr	r0, .L26
 304 0004 FFF7FEFF 		bl	HAL_TIM_IRQHandler
 305              	.LVL4:
 245:Core/Src/stm32f7xx_it.c ****   /* USER CODE BEGIN TIM1_UP_TIM10_IRQn 1 */
 246:Core/Src/stm32f7xx_it.c **** 
 247:Core/Src/stm32f7xx_it.c ****   /* USER CODE END TIM1_UP_TIM10_IRQn 1 */
 248:Core/Src/stm32f7xx_it.c **** }
 306              		.loc 1 248 1 is_stmt 0 view .LVU38
 307 0008 08BD     		pop	{r3, pc}
 308              	.L27:
 309 000a 00BF     		.align	2
 310              	.L26:
 311 000c 00000000 		.word	htim1
 312              		.cfi_endproc
 313              	.LFE152:
 315              		.section	.text.TIM1_TRG_COM_TIM11_IRQHandler,"ax",%progbits
 316              		.align	1
 317              		.global	TIM1_TRG_COM_TIM11_IRQHandler
 318              		.syntax unified
 319              		.thumb
 320              		.thumb_func
 322              	TIM1_TRG_COM_TIM11_IRQHandler:
 323              	.LFB153:
 249:Core/Src/stm32f7xx_it.c **** 
 250:Core/Src/stm32f7xx_it.c **** /**
 251:Core/Src/stm32f7xx_it.c ****   * @brief This function handles TIM1 trigger and commutation interrupts and TIM11 global interrupt
 252:Core/Src/stm32f7xx_it.c ****   */
 253:Core/Src/stm32f7xx_it.c **** void TIM1_TRG_COM_TIM11_IRQHandler(void)
 254:Core/Src/stm32f7xx_it.c **** {
 324              		.loc 1 254 1 is_stmt 1 view -0
 325              		.cfi_startproc
 326              		@ args = 0, pretend = 0, frame = 0
 327              		@ frame_needed = 0, uses_anonymous_args = 0
 328 0000 08B5     		push	{r3, lr}
 329              	.LCFI4:
 330              		.cfi_def_cfa_offset 8
 331              		.cfi_offset 3, -8
 332              		.cfi_offset 14, -4
 255:Core/Src/stm32f7xx_it.c ****   /* USER CODE BEGIN TIM1_TRG_COM_TIM11_IRQn 0 */
 256:Core/Src/stm32f7xx_it.c **** 
 257:Core/Src/stm32f7xx_it.c ****   /* USER CODE END TIM1_TRG_COM_TIM11_IRQn 0 */
 258:Core/Src/stm32f7xx_it.c ****   HAL_TIM_IRQHandler(&htim1);
ARM GAS  /tmp/ccbBwcj2.s 			page 11


 333              		.loc 1 258 3 view .LVU40
 334 0002 0248     		ldr	r0, .L30
 335 0004 FFF7FEFF 		bl	HAL_TIM_IRQHandler
 336              	.LVL5:
 259:Core/Src/stm32f7xx_it.c ****   /* USER CODE BEGIN TIM1_TRG_COM_TIM11_IRQn 1 */
 260:Core/Src/stm32f7xx_it.c **** 
 261:Core/Src/stm32f7xx_it.c ****   /* USER CODE END TIM1_TRG_COM_TIM11_IRQn 1 */
 262:Core/Src/stm32f7xx_it.c **** }
 337              		.loc 1 262 1 is_stmt 0 view .LVU41
 338 0008 08BD     		pop	{r3, pc}
 339              	.L31:
 340 000a 00BF     		.align	2
 341              	.L30:
 342 000c 00000000 		.word	htim1
 343              		.cfi_endproc
 344              	.LFE153:
 346              		.section	.text.DMA2_Stream0_IRQHandler,"ax",%progbits
 347              		.align	1
 348              		.global	DMA2_Stream0_IRQHandler
 349              		.syntax unified
 350              		.thumb
 351              		.thumb_func
 353              	DMA2_Stream0_IRQHandler:
 354              	.LFB154:
 263:Core/Src/stm32f7xx_it.c **** 
 264:Core/Src/stm32f7xx_it.c **** /**
 265:Core/Src/stm32f7xx_it.c ****   * @brief This function handles DMA2 stream0 global interrupt.
 266:Core/Src/stm32f7xx_it.c ****   */
 267:Core/Src/stm32f7xx_it.c **** void DMA2_Stream0_IRQHandler(void)
 268:Core/Src/stm32f7xx_it.c **** {
 355              		.loc 1 268 1 is_stmt 1 view -0
 356              		.cfi_startproc
 357              		@ args = 0, pretend = 0, frame = 0
 358              		@ frame_needed = 0, uses_anonymous_args = 0
 359 0000 08B5     		push	{r3, lr}
 360              	.LCFI5:
 361              		.cfi_def_cfa_offset 8
 362              		.cfi_offset 3, -8
 363              		.cfi_offset 14, -4
 269:Core/Src/stm32f7xx_it.c ****   /* USER CODE BEGIN DMA2_Stream0_IRQn 0 */
 270:Core/Src/stm32f7xx_it.c **** 
 271:Core/Src/stm32f7xx_it.c ****   /* USER CODE END DMA2_Stream0_IRQn 0 */
 272:Core/Src/stm32f7xx_it.c ****   HAL_DMA_IRQHandler(&hdma_adc1);
 364              		.loc 1 272 3 view .LVU43
 365 0002 0248     		ldr	r0, .L34
 366 0004 FFF7FEFF 		bl	HAL_DMA_IRQHandler
 367              	.LVL6:
 273:Core/Src/stm32f7xx_it.c ****   /* USER CODE BEGIN DMA2_Stream0_IRQn 1 */
 274:Core/Src/stm32f7xx_it.c **** 
 275:Core/Src/stm32f7xx_it.c ****   /* USER CODE END DMA2_Stream0_IRQn 1 */
 276:Core/Src/stm32f7xx_it.c **** }
 368              		.loc 1 276 1 is_stmt 0 view .LVU44
 369 0008 08BD     		pop	{r3, pc}
 370              	.L35:
 371 000a 00BF     		.align	2
 372              	.L34:
 373 000c 00000000 		.word	hdma_adc1
ARM GAS  /tmp/ccbBwcj2.s 			page 12


 374              		.cfi_endproc
 375              	.LFE154:
 377              		.section	.text.DMA2_Stream2_IRQHandler,"ax",%progbits
 378              		.align	1
 379              		.global	DMA2_Stream2_IRQHandler
 380              		.syntax unified
 381              		.thumb
 382              		.thumb_func
 384              	DMA2_Stream2_IRQHandler:
 385              	.LFB155:
 277:Core/Src/stm32f7xx_it.c **** 
 278:Core/Src/stm32f7xx_it.c **** /**
 279:Core/Src/stm32f7xx_it.c ****   * @brief This function handles DMA2 stream2 global interrupt.
 280:Core/Src/stm32f7xx_it.c ****   */
 281:Core/Src/stm32f7xx_it.c **** void DMA2_Stream2_IRQHandler(void)
 282:Core/Src/stm32f7xx_it.c **** {
 386              		.loc 1 282 1 is_stmt 1 view -0
 387              		.cfi_startproc
 388              		@ args = 0, pretend = 0, frame = 0
 389              		@ frame_needed = 0, uses_anonymous_args = 0
 390 0000 08B5     		push	{r3, lr}
 391              	.LCFI6:
 392              		.cfi_def_cfa_offset 8
 393              		.cfi_offset 3, -8
 394              		.cfi_offset 14, -4
 283:Core/Src/stm32f7xx_it.c ****   /* USER CODE BEGIN DMA2_Stream2_IRQn 0 */
 284:Core/Src/stm32f7xx_it.c **** 
 285:Core/Src/stm32f7xx_it.c ****   /* USER CODE END DMA2_Stream2_IRQn 0 */
 286:Core/Src/stm32f7xx_it.c ****   HAL_DMA_IRQHandler(&hdma_adc2);
 395              		.loc 1 286 3 view .LVU46
 396 0002 0248     		ldr	r0, .L38
 397 0004 FFF7FEFF 		bl	HAL_DMA_IRQHandler
 398              	.LVL7:
 287:Core/Src/stm32f7xx_it.c ****   /* USER CODE BEGIN DMA2_Stream2_IRQn 1 */
 288:Core/Src/stm32f7xx_it.c **** 
 289:Core/Src/stm32f7xx_it.c ****   /* USER CODE END DMA2_Stream2_IRQn 1 */
 290:Core/Src/stm32f7xx_it.c **** }
 399              		.loc 1 290 1 is_stmt 0 view .LVU47
 400 0008 08BD     		pop	{r3, pc}
 401              	.L39:
 402 000a 00BF     		.align	2
 403              	.L38:
 404 000c 00000000 		.word	hdma_adc2
 405              		.cfi_endproc
 406              	.LFE155:
 408              		.section	.text.ETH_IRQHandler,"ax",%progbits
 409              		.align	1
 410              		.global	ETH_IRQHandler
 411              		.syntax unified
 412              		.thumb
 413              		.thumb_func
 415              	ETH_IRQHandler:
 416              	.LFB156:
 291:Core/Src/stm32f7xx_it.c **** 
 292:Core/Src/stm32f7xx_it.c **** /**
 293:Core/Src/stm32f7xx_it.c ****   * @brief This function handles Ethernet global interrupt.
 294:Core/Src/stm32f7xx_it.c ****   */
ARM GAS  /tmp/ccbBwcj2.s 			page 13


 295:Core/Src/stm32f7xx_it.c **** void ETH_IRQHandler(void)
 296:Core/Src/stm32f7xx_it.c **** {
 417              		.loc 1 296 1 is_stmt 1 view -0
 418              		.cfi_startproc
 419              		@ args = 0, pretend = 0, frame = 0
 420              		@ frame_needed = 0, uses_anonymous_args = 0
 421 0000 08B5     		push	{r3, lr}
 422              	.LCFI7:
 423              		.cfi_def_cfa_offset 8
 424              		.cfi_offset 3, -8
 425              		.cfi_offset 14, -4
 297:Core/Src/stm32f7xx_it.c ****   /* USER CODE BEGIN ETH_IRQn 0 */
 298:Core/Src/stm32f7xx_it.c **** 
 299:Core/Src/stm32f7xx_it.c ****   /* USER CODE END ETH_IRQn 0 */
 300:Core/Src/stm32f7xx_it.c ****   HAL_ETH_IRQHandler(&heth);
 426              		.loc 1 300 3 view .LVU49
 427 0002 0248     		ldr	r0, .L42
 428 0004 FFF7FEFF 		bl	HAL_ETH_IRQHandler
 429              	.LVL8:
 301:Core/Src/stm32f7xx_it.c ****   /* USER CODE BEGIN ETH_IRQn 1 */
 302:Core/Src/stm32f7xx_it.c **** 
 303:Core/Src/stm32f7xx_it.c ****   /* USER CODE END ETH_IRQn 1 */
 304:Core/Src/stm32f7xx_it.c **** }
 430              		.loc 1 304 1 is_stmt 0 view .LVU50
 431 0008 08BD     		pop	{r3, pc}
 432              	.L43:
 433 000a 00BF     		.align	2
 434              	.L42:
 435 000c 00000000 		.word	heth
 436              		.cfi_endproc
 437              	.LFE156:
 439              		.text
 440              	.Letext0:
 441              		.file 2 "/usr/lib/gcc/arm-none-eabi/12.2.1/include/stdint.h"
 442              		.file 3 "Drivers/CMSIS/Device/ST/STM32F7xx/Include/stm32f767xx.h"
 443              		.file 4 "Drivers/CMSIS/Device/ST/STM32F7xx/Include/stm32f7xx.h"
 444              		.file 5 "Drivers/STM32F7xx_HAL_Driver/Inc/stm32f7xx_hal_def.h"
 445              		.file 6 "Drivers/STM32F7xx_HAL_Driver/Inc/stm32f7xx_hal_dma.h"
 446              		.file 7 "Drivers/STM32F7xx_HAL_Driver/Inc/stm32f7xx_hal_adc.h"
 447              		.file 8 "Drivers/STM32F7xx_HAL_Driver/Inc/stm32f7xx_hal_eth.h"
 448              		.file 9 "Drivers/STM32F7xx_HAL_Driver/Inc/stm32f7xx_hal_tim.h"
 449              		.file 10 "Drivers/STM32F7xx_HAL_Driver/Inc/stm32f7xx_hal.h"
ARM GAS  /tmp/ccbBwcj2.s 			page 14


DEFINED SYMBOLS
                            *ABS*:00000000 stm32f7xx_it.c
     /tmp/ccbBwcj2.s:20     .text.NMI_Handler:00000000 $t
     /tmp/ccbBwcj2.s:26     .text.NMI_Handler:00000000 NMI_Handler
     /tmp/ccbBwcj2.s:43     .text.HardFault_Handler:00000000 $t
     /tmp/ccbBwcj2.s:49     .text.HardFault_Handler:00000000 HardFault_Handler
     /tmp/ccbBwcj2.s:66     .text.MemManage_Handler:00000000 $t
     /tmp/ccbBwcj2.s:72     .text.MemManage_Handler:00000000 MemManage_Handler
     /tmp/ccbBwcj2.s:89     .text.BusFault_Handler:00000000 $t
     /tmp/ccbBwcj2.s:95     .text.BusFault_Handler:00000000 BusFault_Handler
     /tmp/ccbBwcj2.s:112    .text.UsageFault_Handler:00000000 $t
     /tmp/ccbBwcj2.s:118    .text.UsageFault_Handler:00000000 UsageFault_Handler
     /tmp/ccbBwcj2.s:135    .text.SVC_Handler:00000000 $t
     /tmp/ccbBwcj2.s:141    .text.SVC_Handler:00000000 SVC_Handler
     /tmp/ccbBwcj2.s:154    .text.DebugMon_Handler:00000000 $t
     /tmp/ccbBwcj2.s:160    .text.DebugMon_Handler:00000000 DebugMon_Handler
     /tmp/ccbBwcj2.s:173    .text.PendSV_Handler:00000000 $t
     /tmp/ccbBwcj2.s:179    .text.PendSV_Handler:00000000 PendSV_Handler
     /tmp/ccbBwcj2.s:192    .text.SysTick_Handler:00000000 $t
     /tmp/ccbBwcj2.s:198    .text.SysTick_Handler:00000000 SysTick_Handler
     /tmp/ccbBwcj2.s:218    .text.ADC_IRQHandler:00000000 $t
     /tmp/ccbBwcj2.s:224    .text.ADC_IRQHandler:00000000 ADC_IRQHandler
     /tmp/ccbBwcj2.s:248    .text.ADC_IRQHandler:00000010 $d
     /tmp/ccbBwcj2.s:254    .text.TIM1_BRK_TIM9_IRQHandler:00000000 $t
     /tmp/ccbBwcj2.s:260    .text.TIM1_BRK_TIM9_IRQHandler:00000000 TIM1_BRK_TIM9_IRQHandler
     /tmp/ccbBwcj2.s:280    .text.TIM1_BRK_TIM9_IRQHandler:0000000c $d
     /tmp/ccbBwcj2.s:285    .text.TIM1_UP_TIM10_IRQHandler:00000000 $t
     /tmp/ccbBwcj2.s:291    .text.TIM1_UP_TIM10_IRQHandler:00000000 TIM1_UP_TIM10_IRQHandler
     /tmp/ccbBwcj2.s:311    .text.TIM1_UP_TIM10_IRQHandler:0000000c $d
     /tmp/ccbBwcj2.s:316    .text.TIM1_TRG_COM_TIM11_IRQHandler:00000000 $t
     /tmp/ccbBwcj2.s:322    .text.TIM1_TRG_COM_TIM11_IRQHandler:00000000 TIM1_TRG_COM_TIM11_IRQHandler
     /tmp/ccbBwcj2.s:342    .text.TIM1_TRG_COM_TIM11_IRQHandler:0000000c $d
     /tmp/ccbBwcj2.s:347    .text.DMA2_Stream0_IRQHandler:00000000 $t
     /tmp/ccbBwcj2.s:353    .text.DMA2_Stream0_IRQHandler:00000000 DMA2_Stream0_IRQHandler
     /tmp/ccbBwcj2.s:373    .text.DMA2_Stream0_IRQHandler:0000000c $d
     /tmp/ccbBwcj2.s:378    .text.DMA2_Stream2_IRQHandler:00000000 $t
     /tmp/ccbBwcj2.s:384    .text.DMA2_Stream2_IRQHandler:00000000 DMA2_Stream2_IRQHandler
     /tmp/ccbBwcj2.s:404    .text.DMA2_Stream2_IRQHandler:0000000c $d
     /tmp/ccbBwcj2.s:409    .text.ETH_IRQHandler:00000000 $t
     /tmp/ccbBwcj2.s:415    .text.ETH_IRQHandler:00000000 ETH_IRQHandler
     /tmp/ccbBwcj2.s:435    .text.ETH_IRQHandler:0000000c $d

UNDEFINED SYMBOLS
HAL_IncTick
HAL_ADC_IRQHandler
hadc1
hadc2
HAL_TIM_IRQHandler
htim1
HAL_DMA_IRQHandler
hdma_adc1
hdma_adc2
HAL_ETH_IRQHandler
heth
